Archive member included to satisfy reference by file (symbol)

/opt/Atollic_TrueSTUDIO_for_ARM_x86_64_8.0.0/ARMTools/bin/../lib/gcc/arm-atollic-eabi/6.3.1/armv6-m/libgcc.a(_udivsi3.o)
                              src/_cmsis/system_MKL28Z7.o (__aeabi_uidiv)
/opt/Atollic_TrueSTUDIO_for_ARM_x86_64_8.0.0/ARMTools/bin/../lib/gcc/arm-atollic-eabi/6.3.1/armv6-m/libgcc.a(_divsi3.o)
                              src/main.o (__aeabi_idiv)
/opt/Atollic_TrueSTUDIO_for_ARM_x86_64_8.0.0/ARMTools/bin/../lib/gcc/arm-atollic-eabi/6.3.1/armv6-m/libgcc.a(_dvmd_tls.o)
                              /opt/Atollic_TrueSTUDIO_for_ARM_x86_64_8.0.0/ARMTools/bin/../lib/gcc/arm-atollic-eabi/6.3.1/armv6-m/libgcc.a(_udivsi3.o) (__aeabi_idiv0)

Allocating common symbols
Common symbol       size              file

g_interface         0x2               src/_drivers/usb/usb_device_descriptor.o
buff1               0x32              src/main.o
buff2               0x32              src/main.o

Discarded input sections

 .text          0x0000000000000000        0x0 src/_cmsis/startup_MKL28Z7.o
 .data          0x0000000000000000        0x0 src/_cmsis/startup_MKL28Z7.o
 .bss           0x0000000000000000        0x0 src/_cmsis/startup_MKL28Z7.o
 .group         0x0000000000000000        0x8 src/_cmsis/system_MKL28Z7.o
 .group         0x0000000000000000        0x8 src/_cmsis/system_MKL28Z7.o
 .group         0x0000000000000000        0x8 src/_cmsis/system_MKL28Z7.o
 .group         0x0000000000000000        0x8 src/_cmsis/system_MKL28Z7.o
 .group         0x0000000000000000        0x8 src/_cmsis/system_MKL28Z7.o
 .group         0x0000000000000000        0x8 src/_cmsis/system_MKL28Z7.o
 .group         0x0000000000000000        0x8 src/_cmsis/system_MKL28Z7.o
 .group         0x0000000000000000        0x8 src/_cmsis/system_MKL28Z7.o
 .text          0x0000000000000000        0x0 src/_cmsis/system_MKL28Z7.o
 .data          0x0000000000000000        0x0 src/_cmsis/system_MKL28Z7.o
 .bss           0x0000000000000000        0x0 src/_cmsis/system_MKL28Z7.o
 .group         0x0000000000000000        0x8 src/_drivers/usb/device/source/khci/usb_device_khci.o
 .group         0x0000000000000000        0x8 src/_drivers/usb/device/source/khci/usb_device_khci.o
 .group         0x0000000000000000        0x8 src/_drivers/usb/device/source/khci/usb_device_khci.o
 .group         0x0000000000000000        0x8 src/_drivers/usb/device/source/khci/usb_device_khci.o
 .group         0x0000000000000000        0x8 src/_drivers/usb/device/source/khci/usb_device_khci.o
 .group         0x0000000000000000        0x8 src/_drivers/usb/device/source/khci/usb_device_khci.o
 .group         0x0000000000000000        0x8 src/_drivers/usb/device/source/khci/usb_device_khci.o
 .group         0x0000000000000000        0x8 src/_drivers/usb/device/source/khci/usb_device_khci.o
 .group         0x0000000000000000        0x8 src/_drivers/usb/device/source/khci/usb_device_khci.o
 .group         0x0000000000000000        0x8 src/_drivers/usb/device/source/khci/usb_device_khci.o
 .group         0x0000000000000000        0x8 src/_drivers/usb/device/source/khci/usb_device_khci.o
 .group         0x0000000000000000        0x8 src/_drivers/usb/device/source/khci/usb_device_khci.o
 .group         0x0000000000000000        0x8 src/_drivers/usb/device/source/khci/usb_device_khci.o
 .group         0x0000000000000000        0x8 src/_drivers/usb/device/source/khci/usb_device_khci.o
 .group         0x0000000000000000        0x8 src/_drivers/usb/device/source/khci/usb_device_khci.o
 .group         0x0000000000000000        0x8 src/_drivers/usb/device/source/khci/usb_device_khci.o
 .group         0x0000000000000000        0x8 src/_drivers/usb/device/source/khci/usb_device_khci.o
 .group         0x0000000000000000        0x8 src/_drivers/usb/device/source/khci/usb_device_khci.o
 .group         0x0000000000000000        0x8 src/_drivers/usb/device/source/khci/usb_device_khci.o
 .group         0x0000000000000000        0x8 src/_drivers/usb/device/source/khci/usb_device_khci.o
 .group         0x0000000000000000        0x8 src/_drivers/usb/device/source/khci/usb_device_khci.o
 .group         0x0000000000000000        0x8 src/_drivers/usb/device/source/khci/usb_device_khci.o
 .group         0x0000000000000000        0x8 src/_drivers/usb/device/source/khci/usb_device_khci.o
 .group         0x0000000000000000        0x8 src/_drivers/usb/device/source/khci/usb_device_khci.o
 .group         0x0000000000000000        0x8 src/_drivers/usb/device/source/khci/usb_device_khci.o
 .group         0x0000000000000000        0x8 src/_drivers/usb/device/source/khci/usb_device_khci.o
 .group         0x0000000000000000        0x8 src/_drivers/usb/device/source/khci/usb_device_khci.o
 .group         0x0000000000000000        0x8 src/_drivers/usb/device/source/khci/usb_device_khci.o
 .group         0x0000000000000000        0x8 src/_drivers/usb/device/source/khci/usb_device_khci.o
[...]
Memory Configuration

Name             Origin             Length             Attributes
m_flash_vectab   0x0000000000000000 0x0000000000000140 r
m_flash_gap      0x0000000000000140 0x00000000000002c0 r
m_flash_fcf      0x0000000000000400 0x0000000000000010 r
m_flash_bulk     0x0000000000000410 0x000000000007fbf0 xr
m_sram           0x000000001fff8000 0x0000000000020000 rw
m_usb_data       0x0000000040100000 0x0000000000000800 rw
*default*        0x0000000000000000 0xffffffffffffffff

Linker script and memory map

                0x0000000000000800                STACK_SIZE = 0x800
                0x0000000000000800                STACK_SIZE_DEF = 0x800
                0x0000000000000800                STACK_SIZE_VAL = DEFINED (STACK_SIZE)?STACK_SIZE:STACK_SIZE_DEF

.vectab         0x0000000000000000      0x140
 *(.vectab)
 .vectab        0x0000000000000000      0x140 src/_cmsis/startup_MKL28Z7.o

.fcf            0x0000000000000400       0x10
 *(.fcf)
 .fcf           0x0000000000000400       0x10 src/_system/fcf.o
                0x0000000000000400                fcf

.text           0x0000000000000410     0x4cbc
 *(.text)
 .text          0x0000000000000410      0x114 /opt/Atollic_TrueSTUDIO_for_ARM_x86_64_8.0.0/ARMTools/bin/../lib/gcc/arm-atollic-eabi/6.3.1/armv6-m/libgcc.a(_udivsi3.o)
                0x0000000000000410                __udivsi3
                0x0000000000000410                __aeabi_uidiv
                0x000000000000051c                __aeabi_uidivmod
 .text          0x0000000000000524      0x1d4 /opt/Atollic_TrueSTUDIO_for_ARM_x86_64_8.0.0/ARMTools/bin/../lib/gcc/arm-atollic-eabi/6.3.1/armv6-m/libgcc.a(_divsi3.o)
                0x0000000000000524                __aeabi_idiv
                0x0000000000000524                __divsi3
                0x00000000000006f0                __aeabi_idivmod
 .text          0x00000000000006f8        0x4 /opt/Atollic_TrueSTUDIO_for_ARM_x86_64_8.0.0/ARMTools/bin/../lib/gcc/arm-atollic-eabi/6.3.1/armv6-m/libgcc.a(_dvmd_tls.o)
                0x00000000000006f8                __aeabi_ldiv0
                0x00000000000006f8                __aeabi_idiv0
 *(.text*)
 .text.Reset_Handler
                0x00000000000006fc       0x50 src/_cmsis/startup_MKL28Z7.o
                0x00000000000006fc                Reset_Handler
 .text.Default_Handler
                0x000000000000074c        0x4 src/_cmsis/startup_MKL28Z7.o
                0x000000000000074c                SVCall_Handler
                0x000000000000074c                Reserved76_IRQHandler
                0x000000000000074c                SysTick_Handler
                0x000000000000074c                Reserved50_IRQHandler
                0x000000000000074c                PendSV_Handler
                0x000000000000074c                Reserved74_IRQHandler
                0x000000000000074c                FLEXIO0_IRQHandler
                0x000000000000074c                Reserved79_IRQHandler
                0x000000000000074c                TPM0_IRQHandler
                0x000000000000074c                LPIT0_IRQHandler
                0x000000000000074c                LPI2C0_IRQHandler
                0x000000000000074c                Reserved68_IRQHandler
                0x000000000000074c                Reserved77_IRQHandler
                0x000000000000074c                I2S0_IRQHandler
                0x000000000000074c                WDOG0_IRQHandler
                0x000000000000074c                TSI0_IRQHandler
                0x000000000000074c                DMA0_26_IRQHandler
                0x000000000000074c                Reserved75_IRQHandler
                0x000000000000074c                ADC0_IRQHandler
                0x000000000000074c                EMVSIM0_IRQHandler
                0x000000000000074c                DMA0_04_IRQHandler
                0x000000000000074c                CMP1_IRQHandler
                0x000000000000074c                Reserved71_IRQHandler
                0x000000000000074c                PORTD_IRQHandler
                0x000000000000074c                Reserved69_IRQHandler
                0x000000000000074c                PORTB_IRQHandler
                0x000000000000074c                LLWU0_IRQHandler
                0x000000000000074c                Reserved70_IRQHandler
                0x000000000000074c                TPM2_IRQHandler
                0x000000000000074c                RTC_IRQHandler
                0x000000000000074c                Reserved78_IRQHandler
                0x000000000000074c                LPSPI1_IRQHandler
                0x000000000000074c                RTC_Seconds_IRQHandler
                0x000000000000074c                LPI2C2_IRQHandler
                0x000000000000074c                Reserved72_IRQHandler
                0x000000000000074c                Reserved32_IRQHandler
                0x000000000000074c                DMA0_37_IRQHandler
                0x000000000000074c                LPSPI0_IRQHandler
                0x000000000000074c                CTI0_DMA0_Error_IRQHandler
                0x000000000000074c                RCM_IRQHandler
                0x000000000000074c                DMA0_15_IRQHandler
                0x000000000000074c                DAC0_IRQHandler
                0x000000000000074c                SCG_IRQHandler
                0x000000000000074c                LPI2C1_IRQHandler
                0x000000000000074c                Reserved73_IRQHandler
                0x000000000000074c                PMC_IRQHandler
                0x000000000000074c                TPM1_IRQHandler
                0x000000000000074c                Reserved51_IRQHandler
                0x000000000000074c                PORTA_IRQHandler
                0x000000000000074c                LPSPI2_IRQHandler
                0x000000000000074c                FTFA_IRQHandler
                0x000000000000074c                PORTE_IRQHandler
                0x000000000000074c                LPTMR0_IRQHandler
                0x000000000000074c                LPTMR1_IRQHandler
                0x000000000000074c                CMP0_IRQHandler
                0x000000000000074c                Reserved49_IRQHandler
                0x000000000000074c                TRNG_IRQHandler
                0x000000000000074c                PORTC_IRQHandler
                0x000000000000074c                Reserved67_IRQHandler
 .text.SystemInit
                0x0000000000000750      0x140 src/_cmsis/system_MKL28Z7.o
                0x0000000000000750                SystemInit
 .text.SystemCoreClockUpdate
                0x0000000000000890      0x124 src/_cmsis/system_MKL28Z7.o
                0x0000000000000890                SystemCoreClockUpdate
 .text.USB_DeviceKhciEndpointTransfer
                0x00000000000009b4      0x124 src/_drivers/usb/device/source/khci/usb_device_khci.o
 .text.USB_DeviceKhciPrimeNextSetup
                0x0000000000000ad8       0x66 src/_drivers/usb/device/source/khci/usb_device_khci.o
 .text.USB_DeviceKhciSetDefaultState
                0x0000000000000b3e      0x178 src/_drivers/usb/device/source/khci/usb_device_khci.o
 *fill*         0x0000000000000cb6        0x2 
 .text.USB_DeviceKhciEndpointInit
                0x0000000000000cb8      0x1a8 src/_drivers/usb/device/source/khci/usb_device_khci.o
 .text.USB_DeviceKhciEndpointDeinit
                0x0000000000000e60       0x82 src/_drivers/usb/device/source/khci/usb_device_khci.o
 .text.USB_DeviceKhciEndpointStall
                0x0000000000000ee2       0xea src/_drivers/usb/device/source/khci/usb_device_khci.o
 .text.USB_DeviceKhciEndpointUnstall
                0x0000000000000fcc      0x190 src/_drivers/usb/device/source/khci/usb_device_khci.o
 .text.USB_DeviceKhciInterruptTokenDone
                0x000000000000115c      0x636 src/_drivers/usb/device/source/khci/usb_device_khci.o
 .text.USB_DeviceKhciInterruptReset
                0x0000000000001792       0x52 src/_drivers/usb/device/source/khci/usb_device_khci.o
 .text.USB_DeviceKhciInterruptStall
                0x00000000000017e4       0x60 src/_drivers/usb/device/source/khci/usb_device_khci.o
 .text.USB_DeviceKhciInit
                0x0000000000001844       0xf8 src/_drivers/usb/device/source/khci/usb_device_khci.o
                0x0000000000001844                USB_DeviceKhciInit
 .text.USB_DeviceKhciDeinit
                0x000000000000193c       0x6e src/_drivers/usb/device/source/khci/usb_device_khci.o
                0x000000000000193c                USB_DeviceKhciDeinit
 .text.USB_DeviceKhciSend
                0x00000000000019aa      0x13a src/_drivers/usb/device/source/khci/usb_device_khci.o
                0x00000000000019aa                USB_DeviceKhciSend
 .text.USB_DeviceKhciRecv
                0x0000000000001ae4      0x17e src/_drivers/usb/device/source/khci/usb_device_khci.o
                0x0000000000001ae4                USB_DeviceKhciRecv
 .text.USB_DeviceKhciCancel
                0x0000000000001c62       0xae src/_drivers/usb/device/source/khci/usb_device_khci.o
                0x0000000000001c62                USB_DeviceKhciCancel
 .text.USB_DeviceKhciControl
                0x0000000000001d10      0x270 src/_drivers/usb/device/source/khci/usb_device_khci.o
                0x0000000000001d10                USB_DeviceKhciControl
 .text.USB_DeviceKhciIsrFunction
                0x0000000000001f80       0x6c src/_drivers/usb/device/source/khci/usb_device_khci.o
                0x0000000000001f80                USB_DeviceKhciIsrFunction
 .text.USB_DeviceAllocateHandle
                0x0000000000001fec       0xd4 src/_drivers/usb/device/source/usb_device_dci.o
 .text.USB_DeviceFreeHandle
                0x00000000000020c0       0x32 src/_drivers/usb/device/source/usb_device_dci.o
 *fill*         0x00000000000020f2        0x2 
 .text.USB_DeviceGetControllerInterface
                0x00000000000020f4       0x44 src/_drivers/usb/device/source/usb_device_dci.o
 .text.USB_DeviceTransfer
                0x0000000000002138      0x10c src/_drivers/usb/device/source/usb_device_dci.o
 .text.USB_DeviceControl
                0x0000000000002244       0x66 src/_drivers/usb/device/source/usb_device_dci.o
 .text.USB_DeviceResetNotification
                0x00000000000022aa       0x9a src/_drivers/usb/device/source/usb_device_dci.o
 .text.USB_DeviceNotification
                0x0000000000002344      0x14a src/_drivers/usb/device/source/usb_device_dci.o
 .text.USB_DeviceNotificationTrigger
                0x000000000000248e       0x44 src/_drivers/usb/device/source/usb_device_dci.o
                0x000000000000248e                USB_DeviceNotificationTrigger
 .text.USB_DeviceInit
                0x00000000000024d2      0x1a0 src/_drivers/usb/device/source/usb_device_dci.o
                0x00000000000024d2                USB_DeviceInit
 .text.USB_DeviceRun
                0x0000000000002672       0x1e src/_drivers/usb/device/source/usb_device_dci.o
                0x0000000000002672                USB_DeviceRun
 .text.USB_DeviceDeinit
                0x0000000000002690       0x44 src/_drivers/usb/device/source/usb_device_dci.o
                0x0000000000002690                USB_DeviceDeinit
 .text.USB_DeviceSendRequest
                0x00000000000026d4       0x3c src/_drivers/usb/device/source/usb_device_dci.o
                0x00000000000026d4                USB_DeviceSendRequest
 .text.USB_DeviceRecvRequest
                0x0000000000002710       0x34 src/_drivers/usb/device/source/usb_device_dci.o
                0x0000000000002710                USB_DeviceRecvRequest
 .text.USB_DeviceInitEndpoint
                0x0000000000002744       0xe4 src/_drivers/usb/device/source/usb_device_dci.o
                0x0000000000002744                USB_DeviceInitEndpoint
 .text.USB_DeviceDeinitEndpoint
                0x0000000000002828       0xe6 src/_drivers/usb/device/source/usb_device_dci.o
                0x0000000000002828                USB_DeviceDeinitEndpoint
 .text.USB_DeviceStallEndpoint
                0x000000000000290e       0x36 src/_drivers/usb/device/source/usb_device_dci.o
                0x000000000000290e                USB_DeviceStallEndpoint
 .text.USB_DeviceUnstallEndpoint
                0x0000000000002944       0x36 src/_drivers/usb/device/source/usb_device_dci.o
                0x0000000000002944                USB_DeviceUnstallEndpoint
 *fill*         0x000000000000297a        0x2 
 .text.USB_DeviceGetStatus
                0x000000000000297c       0xec src/_drivers/usb/device/source/usb_device_dci.o
                0x000000000000297c                USB_DeviceGetStatus
 .text.USB_DeviceSetStatus
                0x0000000000002a68      0x11c src/_drivers/usb/device/source/usb_device_dci.o
                0x0000000000002a68                USB_DeviceSetStatus
 .text.USB_OsaEnterCritical
                0x0000000000002b84       0x20 src/_drivers/usb/osa/usb_osa_bm.o
                0x0000000000002b84                USB_OsaEnterCritical
 .text.USB_OsaExitCritical
                0x0000000000002ba4       0x1a src/_drivers/usb/osa/usb_osa_bm.o
                0x0000000000002ba4                USB_OsaExitCritical
 *fill*         0x0000000000002bbe        0x2 
 .text.USB_DeviceCh9GetStatus
                0x0000000000002bc0      0x110 src/_drivers/usb/usb_device_ch9.o
 .text.USB_DeviceCh9SetClearFeature
                0x0000000000002cd0       0xfe src/_drivers/usb/usb_device_ch9.o
 .text.USB_DeviceCh9SetAddress
                0x0000000000002dce       0xc2 src/_drivers/usb/usb_device_ch9.o
 .text.USB_DeviceCh9GetDescriptor
                0x0000000000002e90       0x54 src/_drivers/usb/usb_device_ch9.o
 .text.USB_DeviceCh9GetConfiguration
                0x0000000000002ee4       0x5c src/_drivers/usb/usb_device_ch9.o
 .text.USB_DeviceCh9SetConfiguration
                0x0000000000002f40       0x82 src/_drivers/usb/usb_device_ch9.o
 *fill*         0x0000000000002fc2        0x2 
 .text.USB_DeviceCh9GetInterface
                0x0000000000002fc4       0x60 src/_drivers/usb/usb_device_ch9.o
 .text.USB_DeviceCh9SetInterface
                0x0000000000003024       0x48 src/_drivers/usb/usb_device_ch9.o
 .text.USB_DeviceCh9SynchFrame
                0x000000000000306c       0x70 src/_drivers/usb/usb_device_ch9.o
 .text.USB_DeviceControlCallbackFeedback
                0x00000000000030dc       0xde src/_drivers/usb/usb_device_ch9.o
 *fill*         0x00000000000031ba        0x2 
 .text.USB_DeviceControlCallback
                0x00000000000031bc      0x234 src/_drivers/usb/usb_device_ch9.o
                0x00000000000031bc                USB_DeviceControlCallback
 .text.USB_DeviceControlPipeInit
                0x00000000000033f0       0xac src/_drivers/usb/usb_device_ch9.o
                0x00000000000033f0                USB_DeviceControlPipeInit
 .text.USB_DeviceGetDescriptor
                0x000000000000349c      0x174 src/_drivers/usb/usb_device_descriptor.o
                0x000000000000349c                USB_DeviceGetDescriptor
 .text.USB_DeviceSetConfigure
                0x0000000000003610       0x3c src/_drivers/usb/usb_device_descriptor.o
                0x0000000000003610                USB_DeviceSetConfigure
 .text.USB_DeviceGetConfigure
                0x000000000000364c       0x20 src/_drivers/usb/usb_device_descriptor.o
                0x000000000000364c                USB_DeviceGetConfigure
 .text.USB_DeviceSetInterface
                0x000000000000366c       0x40 src/_drivers/usb/usb_device_descriptor.o
                0x000000000000366c                USB_DeviceSetInterface
 .text.USB_DeviceGetInterface
                0x00000000000036ac       0x30 src/_drivers/usb/usb_device_descriptor.o
                0x00000000000036ac                USB_DeviceGetInterface
 .text.NVIC_EnableIRQ
                0x00000000000036dc       0x2c src/_drivers/usb/usb_vcom.o
 .text.NVIC_SetPriority
                0x0000000000003708       0xdc src/_drivers/usb/usb_vcom.o
 .text.USB_DeviceCdcAcmInterruptIn
                0x00000000000037e4       0x2c src/_drivers/usb/usb_vcom.o
                0x00000000000037e4                USB_DeviceCdcAcmInterruptIn
 .text.USB_DeviceCdcAcmBulkIn
                0x0000000000003810       0x94 src/_drivers/usb/usb_vcom.o
                0x0000000000003810                USB_DeviceCdcAcmBulkIn
 .text.USB_DeviceCdcAcmBulkOut
                0x00000000000038a4       0x64 src/_drivers/usb/usb_vcom.o
                0x00000000000038a4                USB_DeviceCdcAcmBulkOut
 .text.USB_DeviceGetSetupBuffer
                0x0000000000003908       0x28 src/_drivers/usb/usb_vcom.o
                0x0000000000003908                USB_DeviceGetSetupBuffer
 .text.USB_DeviceGetClassReceiveBuffer
                0x0000000000003930       0x34 src/_drivers/usb/usb_vcom.o
                0x0000000000003930                USB_DeviceGetClassReceiveBuffer
 .text.USB_DeviceConfigureRemoteWakeup
                0x0000000000003964       0x18 src/_drivers/usb/usb_vcom.o
                0x0000000000003964                USB_DeviceConfigureRemoteWakeup
 .text.USB_DeviceProcessClassRequest
                0x000000000000397c      0x204 src/_drivers/usb/usb_vcom.o
                0x000000000000397c                USB_DeviceProcessClassRequest
 .text.USB_DeviceCallback
                0x0000000000003b80      0x1a4 src/_drivers/usb/usb_vcom.o
                0x0000000000003b80                USB_DeviceCallback
 .text.USB_DeviceConfigureEndpointStatus
                0x0000000000003d24       0x4a src/_drivers/usb/usb_vcom.o
                0x0000000000003d24                USB_DeviceConfigureEndpointStatus
 *fill*         0x0000000000003d6e        0x2 
 .text.USB0_IRQHandler
                0x0000000000003d70       0x18 src/_drivers/usb/usb_vcom.o
                0x0000000000003d70                USB0_IRQHandler
 .text.USB_VCOM_Init
                0x0000000000003d88       0x9c src/_drivers/usb/usb_vcom.o
                0x0000000000003d88                USB_VCOM_Init
 .text.USB_VCOM_Service
                0x0000000000003e24       0xac src/_drivers/usb/usb_vcom.o
                0x0000000000003e24                USB_VCOM_Service
 .text.HardFault_Handler
                0x0000000000003ed0        0x4 src/_system/hardfault.o
                0x0000000000003ed0                HardFault_Handler
 .text.INTMUX0_IRQHandler
                0x0000000000003ed4       0x2c src/_system/intmux.o
                0x0000000000003ed4                INTMUX0_3_IRQHandler
                0x0000000000003ed4                INTMUX0_1_IRQHandler
                0x0000000000003ed4                INTMUX0_0_IRQHandler
                0x0000000000003ed4                INTMUX0_2_IRQHandler
 .text.memcpy   0x0000000000003f00        0xe src/_system/mem.o
                0x0000000000003f00                memcpy
 .text.memset   0x0000000000003f0e        0xc src/_system/mem.o
                0x0000000000003f0e                memset
 .text.NMI_Handler
                0x0000000000003f1a        0x2 src/_system/nmi.o
                0x0000000000003f1a                NMI_Handler
 .text.tstmr_get_val
                0x0000000000003f1c       0x1c src/_system/tstmr.o
                0x0000000000003f1c                tstmr_get_val
 .text.wdog_set
                0x0000000000003f38      0x114 src/_system/wdog.o
                0x0000000000003f38                wdog_set
 .text.NVIC_EnableIRQ
                0x000000000000404c       0x2c src/_util/LPUARTHandler.o
 .text.NVIC_SetPriority
                0x0000000000004078       0xdc src/_util/LPUARTHandler.o
 .text.LPUART0_IRQHandler
                0x0000000000004154       0x10 src/_util/LPUARTHandler.o
                0x0000000000004154                LPUART0_IRQHandler
 .text.LPUART1_IRQHandler
                0x0000000000004164       0x10 src/_util/LPUARTHandler.o
                0x0000000000004164                LPUART1_IRQHandler
 .text.LPUART2_IRQHandler
                0x0000000000004174       0x10 src/_util/LPUARTHandler.o
                0x0000000000004174                LPUART2_IRQHandler
 .text.LPUARTHandler_Init
                0x0000000000004184       0xd8 src/_util/LPUARTHandler.o
                0x0000000000004184                LPUARTHandler_Init
 .text.LPUARTHandler_SendLine
                0x000000000000425c       0xc8 src/_util/LPUARTHandler.o
                0x000000000000425c                LPUARTHandler_SendLine
 .text.LPUARTHandler_SendData
                0x0000000000004324       0xb0 src/_util/LPUARTHandler.o
                0x0000000000004324                LPUARTHandler_SendData
 .text.LPURTHandler_ReadLine
                0x00000000000043d4       0xd8 src/_util/LPUARTHandler.o
                0x00000000000043d4                LPURTHandler_ReadLine
 .text.LPUART_IRQHandler
                0x00000000000044ac       0xcc src/_util/LPUARTHandler.o
 .text.Queue_Init
                0x0000000000004578       0xf4 src/_util/queue.o
                0x0000000000004578                Queue_Init
 .text.Queue_Enqueue
                0x000000000000466c       0xfc src/_util/queue.o
                0x000000000000466c                Queue_Enqueue
 .text.Queue_Dequeue
                0x0000000000004768       0xc4 src/_util/queue.o
                0x0000000000004768                Queue_Dequeue
 .text.Queue_getUsedCount
                0x000000000000482c       0x18 src/_util/queue.o
                0x000000000000482c                Queue_getUsedCount
 .text.NVIC_EnableIRQ
                0x0000000000004844       0x2c src/board.o
 .text.NVIC_SetPriority
                0x0000000000004870       0xdc src/board.o
 .text.Board_Init
                0x000000000000494c       0x38 src/board.o
                0x000000000000494c                Board_Init
 .text.Board_MCULED_Set
                0x0000000000004984       0x5c src/board.o
                0x0000000000004984                Board_MCULED_Set
 .text.Board_MCUBTN_Get
                0x00000000000049e0       0x50 src/board.o
                0x00000000000049e0                Board_MCUBTN_Get
 .text.board_WIFI_Init
                0x0000000000004a30       0xa4 src/board.o
 .text.board_MCULED_Init
                0x0000000000004ad4       0x40 src/board.o
 .text.board_MCUBTN_Init
                0x0000000000004b14       0x40 src/board.o
 .text.board_MCUSW_Init
                0x0000000000004b54       0x44 src/board.o
 .text.wdog_refresh
                0x0000000000004b98       0x18 src/main.o
 .text.main     0x0000000000004bb0      0x16c src/main.o
                0x0000000000004bb0                main
 .text.SYSTEM_Init
                0x0000000000004d1c       0xd4 src/main.o
                0x0000000000004d1c                SYSTEM_Init
 .text.rn131_Init
                0x0000000000004df0       0x20 src/wifi_rn131.o
                0x0000000000004df0                rn131_Init
 .text.UART_callback
                0x0000000000004e10       0x4c src/wifi_rn131.o
 .text.rn131_test
                0x0000000000004e5c       0x34 src/wifi_rn131.o
                0x0000000000004e5c                rn131_test
 *(.rodata)
 .rodata        0x0000000000004e90        0xf src/main.o
 *fill*         0x0000000000004e9f        0x1 
 .rodata        0x0000000000004ea0        0xd src/wifi_rn131.o
 *(.rodata*)
 *fill*         0x0000000000004ead        0x3 
 .rodata.USB_DeviceKhciControl
                0x0000000000004eb0       0x4c src/_drivers/usb/device/source/khci/usb_device_khci.o
 .rodata.s_UsbDeviceKhciInterface
                0x0000000000004efc       0x18 src/_drivers/usb/device/source/usb_device_dci.o
 .rodata.USB_DeviceGetStatus
                0x0000000000004f14       0x24 src/_drivers/usb/device/source/usb_device_dci.o
 .rodata.USB_DeviceSetStatus
                0x0000000000004f38       0x30 src/_drivers/usb/device/source/usb_device_dci.o
 .rodata.s_UsbDeviceStandardRequest
                0x0000000000004f68       0x34 src/_drivers/usb/usb_device_ch9.o
 .rodata.USB_DeviceProcessClassRequest
                0x0000000000004f9c       0x90 src/_drivers/usb/usb_vcom.o
 .rodata.wdog_set
                0x000000000000502c       0x24 src/_system/wdog.o
 .rodata.LF     0x0000000000005050        0x1 src/_util/LPUARTHandler.o
 *fill*         0x0000000000005051        0x3 
 .rodata.Queue_Enqueue
                0x0000000000005054       0x2c src/_util/queue.o
 .rodata.Queue_Dequeue
                0x0000000000005080       0x2c src/_util/queue.o
 .rodata.MCULED
                0x00000000000050ac       0x10 src/board.o
 .rodata.MCUBTN
                0x00000000000050bc       0x10 src/board.o

.glue_7         0x00000000000050cc        0x0
 .glue_7        0x00000000000050cc        0x0 linker stubs

.glue_7t        0x00000000000050cc        0x0
 .glue_7t       0x00000000000050cc        0x0 linker stubs

.vfp11_veneer   0x00000000000050cc        0x0
 .vfp11_veneer  0x00000000000050cc        0x0 linker stubs

.v4_bx          0x00000000000050cc        0x0
 .v4_bx         0x00000000000050cc        0x0 linker stubs

.iplt           0x00000000000050cc        0x0
 .iplt          0x00000000000050cc        0x0 src/_cmsis/startup_MKL28Z7.o

.rel.dyn        0x00000000000050cc        0x0
 .rel.iplt      0x00000000000050cc        0x0 src/_cmsis/startup_MKL28Z7.o

.stack          0x000000001fff8000      0x800
                0x000000001fff8000                . = ALIGN (0x8)
                0x000000001fff8000                STACK_BOTTOM = .
                0x000000001fff8800                . = (. + STACK_SIZE_VAL)
 *fill*         0x000000001fff8000      0x800 
                0x000000001fff8800                . = ALIGN (0x8)
                0x000000001fff8800                STACK_TOP = .

.data           0x000000001fff8800      0x2c8 load address 0x00000000000050cc
                0x000000001fff8800                DATA_BEGIN = .
 *(.data)
 *(.data*)
 .data.SystemCoreClock
                0x000000001fff8800        0x4 src/_cmsis/system_MKL28Z7.o
                0x000000001fff8800                SystemCoreClock
 .data.g_UsbDeviceDescriptor
                0x000000001fff8804       0x12 src/_drivers/usb/usb_device_descriptor.o
                0x000000001fff8804                g_UsbDeviceDescriptor
 *fill*         0x000000001fff8816        0x2 
 .data.g_UsbDeviceConfigurationDescriptor
                0x000000001fff8818       0x43 src/_drivers/usb/usb_device_descriptor.o
                0x000000001fff8818                g_UsbDeviceConfigurationDescriptor
 *fill*         0x000000001fff885b        0x1 
 .data.g_UsbDeviceString0
                0x000000001fff885c        0x4 src/_drivers/usb/usb_device_descriptor.o
                0x000000001fff885c                g_UsbDeviceString0
 .data.g_UsbDeviceString1
                0x000000001fff8860       0x26 src/_drivers/usb/usb_device_descriptor.o
                0x000000001fff8860                g_UsbDeviceString1
 *fill*         0x000000001fff8886        0x2 
 .data.g_UsbDeviceString2
                0x000000001fff8888       0x2a src/_drivers/usb/usb_device_descriptor.o
                0x000000001fff8888                g_UsbDeviceString2
 *fill*         0x000000001fff88b2        0x2 
 .data.g_UsbDeviceStringDescriptorArray
                0x000000001fff88b4        0xc src/_drivers/usb/usb_device_descriptor.o
                0x000000001fff88b4                g_UsbDeviceStringDescriptorArray
 .data.g_UsbDeviceStringDescriptorLength
                0x000000001fff88c0        0xc src/_drivers/usb/usb_device_descriptor.o
                0x000000001fff88c0                g_UsbDeviceStringDescriptorLength
 .data.g_UsbDeviceLanguage
                0x000000001fff88cc        0xc src/_drivers/usb/usb_device_descriptor.o
                0x000000001fff88cc                g_UsbDeviceLanguage
 .data.g_UsbDeviceLanguageList
                0x000000001fff88d8       0x10 src/_drivers/usb/usb_device_descriptor.o
                0x000000001fff88d8                g_UsbDeviceLanguageList
 .data.s_lineCoding
                0x000000001fff88e8        0x7 src/_drivers/usb/usb_vcom.o
 *fill*         0x000000001fff88ef        0x1 
 .data.s_usbBulkMaxPacketSize
                0x000000001fff88f0        0x4 src/_drivers/usb/usb_vcom.o
 .data.LPUARTHandler_Instance
                0x000000001fff88f4      0x1d4 src/_util/LPUARTHandler.o
 *(.data_RAM2)
 *(.data_RAM2*)
                0x000000001fff8ac8                DATA_END = .
                0x00000000000050cc                DATA_INIT = LOADADDR (.data)

.igot.plt       0x000000001fff8ac8        0x0 load address 0x0000000000005394
 .igot.plt      0x000000001fff8ac8        0x0 src/_cmsis/startup_MKL28Z7.o

.bss            0x000000001fff8ac8      0x21e load address 0x0000000000005394
                0x000000001fff8ac8                BSS_BEGIN = .
 *(.bss)
 *(.bss*)
 .bss.s_UsbDeviceStandardRx
                0x000000001fff8ac8        0x2 src/_drivers/usb/usb_device_ch9.o
 .bss.g_currentConfigure
                0x000000001fff8aca        0x1 src/_drivers/usb/usb_device_descriptor.o
                0x000000001fff8aca                g_currentConfigure
 *fill*         0x000000001fff8acb        0x1 
 .bss.s_cdcVcom
                0x000000001fff8acc        0xc src/_drivers/usb/usb_vcom.o
 .bss.s_abstractState
                0x000000001fff8ad8        0x2 src/_drivers/usb/usb_vcom.o
 *fill*         0x000000001fff8ada        0x2 
 .bss.s_countryCode
                0x000000001fff8adc        0x2 src/_drivers/usb/usb_vcom.o
 *fill*         0x000000001fff8ade        0x2 
 .bss.s_usbCdcAcmInfo
                0x000000001fff8ae0       0x12 src/_drivers/usb/usb_vcom.o
 *fill*         0x000000001fff8af2        0x2 
 .bss.s_currRecvBuf
                0x000000001fff8af4       0x40 src/_drivers/usb/usb_vcom.o
 .bss.s_currSendBuf
                0x000000001fff8b34       0x40 src/_drivers/usb/usb_vcom.o
 .bss.USB_VCOM_recBuffSize
                0x000000001fff8b74        0x4 src/_drivers/usb/usb_vcom.o
 .bss.s_sendSize
                0x000000001fff8b78        0x4 src/_drivers/usb/usb_vcom.o
 .bss.cdcVcomSetup.6773
                0x000000001fff8b7c        0x8 src/_drivers/usb/usb_vcom.o
 .bss.setupOut.6780
                0x000000001fff8b84        0x8 src/_drivers/usb/usb_vcom.o
 .bss.Queue_Instances
                0x000000001fff8b8c       0xf0 src/_util/queue.o
 .bss.QueuesCount
                0x000000001fff8c7c        0x1 src/_util/queue.o
 *fill*         0x000000001fff8c7d        0x3 
 .bss.buff      0x000000001fff8c80       0x64 src/wifi_rn131.o
 *(.bss_RAM2)
 *(.bss_RAM2*)
 *(COMMON)
 COMMON         0x000000001fff8ce4        0x2 src/_drivers/usb/usb_device_descriptor.o
                0x000000001fff8ce4                g_interface
                0x000000001fff8ce6                BSS_END = .

.m_usb_data     0x0000000040100000      0x354
 *(m_usb_bdt)
 m_usb_bdt      0x0000000040100000      0x200 src/_drivers/usb/device/source/khci/usb_device_khci.o
 *(m_usb_global)
 m_usb_global   0x0000000040100200       0xe4 src/_drivers/usb/device/source/khci/usb_device_khci.o
 m_usb_global   0x00000000401002e4       0x70 src/_drivers/usb/device/source/usb_device_dci.o

.mtb_buffer_RAM2
 *(.mtb.$RAM2*)
 *(.mtb.$USB_RAM*)

.data_RAM2      0x0000000040100354        0x0 load address 0x000000001fff8ce8
 FILL mask 0xff
 *(.ramfunc.$RAM2)
 *(.ramfunc.$USB_RAM)
 *(.data.$RAM2*)
 *(.data.$USB_RAM*)
                0x0000000040100354                . = ALIGN (0x4)

bss_RAM2        0x0000000040100354        0x0 load address 0x000000001fff8ce8
 *(.bss.$RAM2*)
 *(.bss.$USB_RAM*)
                0x0000000040100354                . = ALIGN ((. != 0x0)?0x4:0x1)

.noinit_RAM2    0x0000000040100354        0x0 load address 0x000000001fff8ce8
 *(.noinit.$RAM2*)
 *(.noinit.$USB_RAM*)
                0x0000000040100354                . = ALIGN (0x4)
LOAD src/_cmsis/startup_MKL28Z7.o
LOAD src/_cmsis/system_MKL28Z7.o
LOAD src/_drivers/usb/device/source/khci/usb_device_khci.o
LOAD src/_drivers/usb/device/source/usb_device_dci.o
LOAD src/_drivers/usb/osa/usb_osa_bm.o
LOAD src/_drivers/usb/usb_device_cdc_acm.o
LOAD src/_drivers/usb/usb_device_ch9.o
LOAD src/_drivers/usb/usb_device_descriptor.o
LOAD src/_drivers/usb/usb_vcom.o
LOAD src/_system/clkout.o
LOAD src/_system/fcf.o
LOAD src/_system/hardfault.o
LOAD src/_system/intmux.o
LOAD src/_system/mem.o
LOAD src/_system/nmi.o
LOAD src/_system/tstmr.o
LOAD src/_system/wdog.o
LOAD src/_util/LPUARTHandler.o
LOAD src/_util/queue.o
LOAD src/board.o
LOAD src/main.o
LOAD src/wifi_rn131.o
LOAD /opt/Atollic_TrueSTUDIO_for_ARM_x86_64_8.0.0/ARMTools/bin/../lib/gcc/arm-atollic-eabi/6.3.1/armv6-m/libgcc.a
OUTPUT(DP.elf elf32-littlearm)

.ARM.attributes
                0x0000000000000000       0x2e
 .ARM.attributes
                0x0000000000000000       0x1b src/_cmsis/startup_MKL28Z7.o
 .ARM.attributes
                0x000000000000001b       0x32 src/_cmsis/system_MKL28Z7.o
 .ARM.attributes
                0x000000000000004d       0x32 src/_drivers/usb/device/source/khci/usb_device_khci.o
 .ARM.attributes
                0x000000000000007f       0x32 src/_drivers/usb/device/source/usb_device_dci.o
 .ARM.attributes
                0x00000000000000b1       0x32 src/_drivers/usb/osa/usb_osa_bm.o
 .ARM.attributes
                0x00000000000000e3       0x32 src/_drivers/usb/usb_device_ch9.o
 .ARM.attributes
                0x0000000000000115       0x32 src/_drivers/usb/usb_device_descriptor.o
 .ARM.attributes
                0x0000000000000147       0x32 src/_drivers/usb/usb_vcom.o
 .ARM.attributes
                0x0000000000000179       0x32 src/_system/fcf.o
 .ARM.attributes
                0x00000000000001ab       0x1b src/_system/hardfault.o
 .ARM.attributes
                0x00000000000001c6       0x1b src/_system/intmux.o
 .ARM.attributes
                0x00000000000001e1       0x1b src/_system/mem.o
 .ARM.attributes
                0x00000000000001fc       0x1b src/_system/nmi.o
 .ARM.attributes
                0x0000000000000217       0x1b src/_system/tstmr.o
 .ARM.attributes
                0x0000000000000232       0x32 src/_system/wdog.o
 .ARM.attributes
                0x0000000000000264       0x32 src/_util/LPUARTHandler.o
 .ARM.attributes
                0x0000000000000296       0x32 src/_util/queue.o
 .ARM.attributes
                0x00000000000002c8       0x32 src/board.o
 .ARM.attributes
                0x00000000000002fa       0x32 src/main.o
 .ARM.attributes
                0x000000000000032c       0x32 src/wifi_rn131.o
 .ARM.attributes
                0x000000000000035e       0x1e /opt/Atollic_TrueSTUDIO_for_ARM_x86_64_8.0.0/ARMTools/bin/../lib/gcc/arm-atollic-eabi/6.3.1/armv6-m/libgcc.a(_udivsi3.o)
 .ARM.attributes
                0x000000000000037c       0x1e /opt/Atollic_TrueSTUDIO_for_ARM_x86_64_8.0.0/ARMTools/bin/../lib/gcc/arm-atollic-eabi/6.3.1/armv6-m/libgcc.a(_divsi3.o)
 .ARM.attributes
                0x000000000000039a       0x1e /opt/Atollic_TrueSTUDIO_for_ARM_x86_64_8.0.0/ARMTools/bin/../lib/gcc/arm-atollic-eabi/6.3.1/armv6-m/libgcc.a(_dvmd_tls.o)

.comment        0x0000000000000000       0x7c
 .comment       0x0000000000000000       0x7c src/_cmsis/system_MKL28Z7.o
                                         0x7d (size before relaxing)
 .comment       0x000000000000007c       0x7d src/_drivers/usb/device/source/khci/usb_device_khci.o
 .comment       0x000000000000007c       0x7d src/_drivers/usb/device/source/usb_device_dci.o
 .comment       0x000000000000007c       0x7d src/_drivers/usb/osa/usb_osa_bm.o
 .comment       0x000000000000007c       0x7d src/_drivers/usb/usb_device_ch9.o
 .comment       0x000000000000007c       0x7d src/_drivers/usb/usb_device_descriptor.o
 .comment       0x000000000000007c       0x7d src/_drivers/usb/usb_vcom.o
 .comment       0x000000000000007c       0x7d src/_system/fcf.o
 .comment       0x000000000000007c       0x7d src/_system/wdog.o
 .comment       0x000000000000007c       0x7d src/_util/LPUARTHandler.o
 .comment       0x000000000000007c       0x7d src/_util/queue.o
 .comment       0x000000000000007c       0x7d src/board.o
 .comment       0x000000000000007c       0x7d src/main.o
 .comment       0x000000000000007c       0x7d src/wifi_rn131.o

.debug_line     0x0000000000000000     0x43cd
 .debug_line    0x0000000000000000       0x7b src/_cmsis/startup_MKL28Z7.o
 .debug_line    0x000000000000007b      0x1ae src/_cmsis/system_MKL28Z7.o
 .debug_line    0x0000000000000229      0x94d src/_drivers/usb/device/source/khci/usb_device_khci.o
 .debug_line    0x0000000000000b76      0x88a src/_drivers/usb/device/source/usb_device_dci.o
 .debug_line    0x0000000000001400      0x7a4 src/_drivers/usb/osa/usb_osa_bm.o
 .debug_line    0x0000000000001ba4      0x6cd src/_drivers/usb/usb_device_ch9.o
 .debug_line    0x0000000000002271      0x532 src/_drivers/usb/usb_device_descriptor.o
 .debug_line    0x00000000000027a3      0x85e src/_drivers/usb/usb_vcom.o
 .debug_line    0x0000000000003001       0xb7 src/_system/fcf.o
 .debug_line    0x00000000000030b8       0x4b src/_system/hardfault.o
 .debug_line    0x0000000000003103       0x5a src/_system/intmux.o
 .debug_line    0x000000000000315d       0xb0 src/_system/mem.o
 .debug_line    0x000000000000320d       0x44 src/_system/nmi.o
 .debug_line    0x0000000000003251       0x4f src/_system/tstmr.o
 .debug_line    0x00000000000032a0      0x1af src/_system/wdog.o
 .debug_line    0x000000000000344f      0x2a4 src/_util/LPUARTHandler.o
 .debug_line    0x00000000000036f3      0x150 src/_util/queue.o
 .debug_line    0x0000000000003843      0x277 src/board.o
 .debug_line    0x0000000000003aba      0x6eb src/main.o
 .debug_line    0x00000000000041a5      0x228 src/wifi_rn131.o

.debug_info     0x0000000000000000     0xaad2
 .debug_info    0x0000000000000000       0x7f src/_cmsis/startup_MKL28Z7.o
 .debug_info    0x000000000000007f      0x32b src/_cmsis/system_MKL28Z7.o
 .debug_info    0x00000000000003aa     0x1c1c src/_drivers/usb/device/source/khci/usb_device_khci.o
 .debug_info    0x0000000000001fc6     0x168f src/_drivers/usb/device/source/usb_device_dci.o
 .debug_info    0x0000000000003655     0x12eb src/_drivers/usb/osa/usb_osa_bm.o
 .debug_info    0x0000000000004940     0x11e4 src/_drivers/usb/usb_device_ch9.o
 .debug_info    0x0000000000005b24     0x110a src/_drivers/usb/usb_device_descriptor.o
 .debug_info    0x0000000000006c2e     0x15f1 src/_drivers/usb/usb_vcom.o
 .debug_info    0x000000000000821f       0xa5 src/_system/fcf.o
 .debug_info    0x00000000000082c4       0x7e src/_system/hardfault.o
 .debug_info    0x0000000000008342       0x7b src/_system/intmux.o
 .debug_info    0x00000000000083bd       0x74 src/_system/mem.o
 .debug_info    0x0000000000008431       0x78 src/_system/nmi.o
 .debug_info    0x00000000000084a9       0x7a src/_system/tstmr.o
 .debug_info    0x0000000000008523      0x224 src/_system/wdog.o
 .debug_info    0x0000000000008747      0x981 src/_util/LPUARTHandler.o
 .debug_info    0x00000000000090c8      0x369 src/_util/queue.o
 .debug_info    0x0000000000009431      0x73b src/board.o
 .debug_info    0x0000000000009b6c      0xd5e src/main.o
 .debug_info    0x000000000000a8ca      0x208 src/wifi_rn131.o

.debug_abbrev   0x0000000000000000     0x1b77
 .debug_abbrev  0x0000000000000000       0x12 src/_cmsis/startup_MKL28Z7.o
 .debug_abbrev  0x0000000000000012      0x116 src/_cmsis/system_MKL28Z7.o
 .debug_abbrev  0x0000000000000128      0x32d src/_drivers/usb/device/source/khci/usb_device_khci.o
 .debug_abbrev  0x0000000000000455      0x255 src/_drivers/usb/device/source/usb_device_dci.o
 .debug_abbrev  0x00000000000006aa      0x314 src/_drivers/usb/osa/usb_osa_bm.o
 .debug_abbrev  0x00000000000009be      0x1e9 src/_drivers/usb/usb_device_ch9.o
 .debug_abbrev  0x0000000000000ba7      0x23a src/_drivers/usb/usb_device_descriptor.o
 .debug_abbrev  0x0000000000000de1      0x2ef src/_drivers/usb/usb_vcom.o
 .debug_abbrev  0x00000000000010d0       0x60 src/_system/fcf.o
 .debug_abbrev  0x0000000000001130       0x14 src/_system/hardfault.o
 .debug_abbrev  0x0000000000001144       0x14 src/_system/intmux.o
 .debug_abbrev  0x0000000000001158       0x12 src/_system/mem.o
 .debug_abbrev  0x000000000000116a       0x14 src/_system/nmi.o
 .debug_abbrev  0x000000000000117e       0x14 src/_system/tstmr.o
 .debug_abbrev  0x0000000000001192      0x171 src/_system/wdog.o
 .debug_abbrev  0x0000000000001303      0x22d src/_util/LPUARTHandler.o
 .debug_abbrev  0x0000000000001530      0x118 src/_util/queue.o
 .debug_abbrev  0x0000000000001648      0x1d5 src/board.o
 .debug_abbrev  0x000000000000181d      0x237 src/main.o
 .debug_abbrev  0x0000000000001a54      0x123 src/wifi_rn131.o

.debug_aranges  0x0000000000000000      0x650
 .debug_aranges
                0x0000000000000000       0x28 src/_cmsis/startup_MKL28Z7.o
 .debug_aranges
                0x0000000000000028       0x28 src/_cmsis/system_MKL28Z7.o
 .debug_aranges
                0x0000000000000050       0xa0 src/_drivers/usb/device/source/khci/usb_device_khci.o
 .debug_aranges
                0x00000000000000f0       0xc8 src/_drivers/usb/device/source/usb_device_dci.o
 .debug_aranges
                0x00000000000001b8       0xd0 src/_drivers/usb/osa/usb_osa_bm.o
 .debug_aranges
                0x0000000000000288       0x78 src/_drivers/usb/usb_device_ch9.o
 .debug_aranges
                0x0000000000000300       0x48 src/_drivers/usb/usb_device_descriptor.o
 .debug_aranges
                0x0000000000000348       0x98 src/_drivers/usb/usb_vcom.o
 .debug_aranges
                0x00000000000003e0       0x18 src/_system/fcf.o
 .debug_aranges
                0x00000000000003f8       0x20 src/_system/hardfault.o
 .debug_aranges
                0x0000000000000418       0x20 src/_system/intmux.o
 .debug_aranges
                0x0000000000000438       0x40 src/_system/mem.o
 .debug_aranges
                0x0000000000000478       0x20 src/_system/nmi.o
 .debug_aranges
                0x0000000000000498       0x20 src/_system/tstmr.o
 .debug_aranges
                0x00000000000004b8       0x20 src/_system/wdog.o
 .debug_aranges
                0x00000000000004d8       0x68 src/_util/LPUARTHandler.o
 .debug_aranges
                0x0000000000000540       0x40 src/_util/queue.o
 .debug_aranges
                0x0000000000000580       0x60 src/board.o
 .debug_aranges
                0x00000000000005e0       0x40 src/main.o
 .debug_aranges
                0x0000000000000620       0x30 src/wifi_rn131.o

.debug_ranges   0x0000000000000000      0x4f0
 .debug_ranges  0x0000000000000000       0x20 src/_cmsis/startup_MKL28Z7.o
 .debug_ranges  0x0000000000000020       0x18 src/_cmsis/system_MKL28Z7.o
 .debug_ranges  0x0000000000000038       0x90 src/_drivers/usb/device/source/khci/usb_device_khci.o
 .debug_ranges  0x00000000000000c8       0xb8 src/_drivers/usb/device/source/usb_device_dci.o
 .debug_ranges  0x0000000000000180       0xc0 src/_drivers/usb/osa/usb_osa_bm.o
 .debug_ranges  0x0000000000000240       0x68 src/_drivers/usb/usb_device_ch9.o
 .debug_ranges  0x00000000000002a8       0x38 src/_drivers/usb/usb_device_descriptor.o
 .debug_ranges  0x00000000000002e0       0x88 src/_drivers/usb/usb_vcom.o
 .debug_ranges  0x0000000000000368       0x38 src/_system/mem.o
 .debug_ranges  0x00000000000003a0       0x10 src/_system/wdog.o
 .debug_ranges  0x00000000000003b0       0x70 src/_util/LPUARTHandler.o
 .debug_ranges  0x0000000000000420       0x30 src/_util/queue.o
 .debug_ranges  0x0000000000000450       0x50 src/board.o
 .debug_ranges  0x00000000000004a0       0x30 src/main.o
 .debug_ranges  0x00000000000004d0       0x20 src/wifi_rn131.o

.debug_macro    0x0000000000000000     0xebfb
 .debug_macro   0x0000000000000000       0x70 src/_cmsis/system_MKL28Z7.o
 .debug_macro   0x0000000000000070      0x8a4 src/_cmsis/system_MKL28Z7.o
 .debug_macro   0x0000000000000914       0x3f src/_cmsis/system_MKL28Z7.o
 .debug_macro   0x0000000000000953      0x34e src/_cmsis/system_MKL28Z7.o
 .debug_macro   0x0000000000000ca1       0x34 src/_cmsis/system_MKL28Z7.o
 .debug_macro   0x0000000000000cd5       0x26 src/_cmsis/system_MKL28Z7.o
 .debug_macro   0x0000000000000cfb      0x44f src/_cmsis/system_MKL28Z7.o
 .debug_macro   0x000000000000114a      0x1d8 src/_cmsis/system_MKL28Z7.o
 .debug_macro   0x0000000000001322     0xaac0 src/_cmsis/system_MKL28Z7.o
 .debug_macro   0x000000000000bde2      0x242 src/_drivers/usb/device/source/khci/usb_device_khci.o
 .debug_macro   0x000000000000c024       0xa9 src/_drivers/usb/device/source/khci/usb_device_khci.o
 .debug_macro   0x000000000000c0cd       0x22 src/_drivers/usb/device/source/khci/usb_device_khci.o
 .debug_macro   0x000000000000c0ef       0x52 src/_drivers/usb/device/source/khci/usb_device_khci.o
 .debug_macro   0x000000000000c141       0x8d src/_drivers/usb/device/source/khci/usb_device_khci.o
 .debug_macro   0x000000000000c1ce       0x3c src/_drivers/usb/device/source/khci/usb_device_khci.o
 .debug_macro   0x000000000000c20a       0x9c src/_drivers/usb/device/source/khci/usb_device_khci.o
 .debug_macro   0x000000000000c2a6       0x16 src/_drivers/usb/device/source/khci/usb_device_khci.o
 .debug_macro   0x000000000000c2bc       0x57 src/_drivers/usb/device/source/khci/usb_device_khci.o
 .debug_macro   0x000000000000c313       0x97 src/_drivers/usb/device/source/khci/usb_device_khci.o
 .debug_macro   0x000000000000c3aa      0x30d src/_drivers/usb/device/source/khci/usb_device_khci.o
 .debug_macro   0x000000000000c6b7       0xfd src/_drivers/usb/device/source/khci/usb_device_khci.o
 .debug_macro   0x000000000000c7b4       0x10 src/_drivers/usb/device/source/khci/usb_device_khci.o
 .debug_macro   0x000000000000c7c4       0x58 src/_drivers/usb/device/source/khci/usb_device_khci.o
 .debug_macro   0x000000000000c81c       0x1f src/_drivers/usb/device/source/khci/usb_device_khci.o
 .debug_macro   0x000000000000c83b       0x43 src/_drivers/usb/device/source/khci/usb_device_khci.o
 .debug_macro   0x000000000000c87e       0x20 src/_drivers/usb/device/source/khci/usb_device_khci.o
 .debug_macro   0x000000000000c89e      0x1a3 src/_drivers/usb/device/source/khci/usb_device_khci.o
 .debug_macro   0x000000000000ca41       0x10 src/_drivers/usb/device/source/khci/usb_device_khci.o
 .debug_macro   0x000000000000ca51       0x6a src/_drivers/usb/device/source/khci/usb_device_khci.o
 .debug_macro   0x000000000000cabb       0x1c src/_drivers/usb/device/source/khci/usb_device_khci.o
 .debug_macro   0x000000000000cad7       0x52 src/_drivers/usb/device/source/khci/usb_device_khci.o
 .debug_macro   0x000000000000cb29       0x40 src/_drivers/usb/device/source/khci/usb_device_khci.o
 .debug_macro   0x000000000000cb69       0x10 src/_drivers/usb/device/source/khci/usb_device_khci.o
 .debug_macro   0x000000000000cb79       0x40 src/_drivers/usb/device/source/khci/usb_device_khci.o
 .debug_macro   0x000000000000cbb9       0xd7 src/_drivers/usb/device/source/khci/usb_device_khci.o
 .debug_macro   0x000000000000cc90       0x16 src/_drivers/usb/device/source/khci/usb_device_khci.o
 .debug_macro   0x000000000000cca6      0x161 src/_drivers/usb/device/source/khci/usb_device_khci.o
 .debug_macro   0x000000000000ce07       0x1c src/_drivers/usb/device/source/khci/usb_device_khci.o
 .debug_macro   0x000000000000ce23       0x1c src/_drivers/usb/device/source/khci/usb_device_khci.o
 .debug_macro   0x000000000000ce3f      0x112 src/_drivers/usb/device/source/khci/usb_device_khci.o
 .debug_macro   0x000000000000cf51      0x2b4 src/_drivers/usb/device/source/khci/usb_device_khci.o
 .debug_macro   0x000000000000d205       0x1c src/_drivers/usb/device/source/khci/usb_device_khci.o
 .debug_macro   0x000000000000d221       0x2f src/_drivers/usb/device/source/khci/usb_device_khci.o
 .debug_macro   0x000000000000d250       0x3a src/_drivers/usb/device/source/khci/usb_device_khci.o
 .debug_macro   0x000000000000d28a       0x46 src/_drivers/usb/device/source/khci/usb_device_khci.o
 .debug_macro   0x000000000000d2d0       0x10 src/_drivers/usb/device/source/khci/usb_device_khci.o
 .debug_macro   0x000000000000d2e0       0x2e src/_drivers/usb/device/source/khci/usb_device_khci.o
 .debug_macro   0x000000000000d30e      0x242 src/_drivers/usb/device/source/usb_device_dci.o
 .debug_macro   0x000000000000d550       0x3a src/_drivers/usb/device/source/usb_device_dci.o
 .debug_macro   0x000000000000d58a      0x271 src/_drivers/usb/osa/usb_osa_bm.o
 .debug_macro   0x000000000000d7fb       0x16 src/_drivers/usb/osa/usb_osa_bm.o
 .debug_macro   0x000000000000d811       0x16 src/_drivers/usb/osa/usb_osa_bm.o
 .debug_macro   0x000000000000d827       0x35 src/_drivers/usb/osa/usb_osa_bm.o
 .debug_macro   0x000000000000d85c       0x16 src/_drivers/usb/osa/usb_osa_bm.o
 .debug_macro   0x000000000000d872       0x29 src/_drivers/usb/osa/usb_osa_bm.o
 .debug_macro   0x000000000000d89b      0x1f3 src/_drivers/usb/usb_device_ch9.o
 .debug_macro   0x000000000000da8e      0x1f3 src/_drivers/usb/usb_device_descriptor.o
 .debug_macro   0x000000000000dc81      0x296 src/_drivers/usb/usb_device_descriptor.o
 .debug_macro   0x000000000000df17      0x2cb src/_drivers/usb/usb_vcom.o
 .debug_macro   0x000000000000e1e2       0x22 src/_drivers/usb/usb_vcom.o
 .debug_macro   0x000000000000e204       0x28 src/_drivers/usb/usb_vcom.o
 .debug_macro   0x000000000000e22c       0x64 src/_drivers/usb/usb_vcom.o
 .debug_macro   0x000000000000e290       0x2d src/_system/fcf.o
 .debug_macro   0x000000000000e2bd       0x94 src/_system/fcf.o
 .debug_macro   0x000000000000e351       0x83 src/_system/wdog.o
 .debug_macro   0x000000000000e3d4       0x1c src/_system/wdog.o
 .debug_macro   0x000000000000e3f0       0x91 src/_util/LPUARTHandler.o
 .debug_macro   0x000000000000e481       0x10 src/_util/LPUARTHandler.o
 .debug_macro   0x000000000000e491       0x16 src/_util/LPUARTHandler.o
 .debug_macro   0x000000000000e4a7       0x3d src/_util/queue.o
 .debug_macro   0x000000000000e4e4       0x9a src/board.o
 .debug_macro   0x000000000000e57e       0x70 src/board.o
 .debug_macro   0x000000000000e5ee       0x70 src/board.o
 .debug_macro   0x000000000000e65e       0xfa src/board.o
 .debug_macro   0x000000000000e758      0x2ff src/main.o
 .debug_macro   0x000000000000ea57      0x100 src/main.o
 .debug_macro   0x000000000000eb57       0xa4 src/wifi_rn131.o

.debug_str      0x0000000000000000    0x633f5
 .debug_str     0x0000000000000000    0x55970 src/_cmsis/system_MKL28Z7.o
                                      0x55c5c (size before relaxing)
 .debug_str     0x0000000000055970     0x8827 src/_drivers/usb/device/source/khci/usb_device_khci.o
                                      0x5e51d (size before relaxing)
 .debug_str     0x000000000005e197      0x872 src/_drivers/usb/device/source/usb_device_dci.o
                                      0x5e3a5 (size before relaxing)
 .debug_str     0x000000000005ea09      0x558 src/_drivers/usb/osa/usb_osa_bm.o
                                      0x5ccee (size before relaxing)
 .debug_str     0x000000000005ef61      0x2b3 src/_drivers/usb/usb_device_ch9.o
                                       0xab97 (size before relaxing)
 .debug_str     0x000000000005f214     0x20bb src/_drivers/usb/usb_device_descriptor.o
                                       0xc71a (size before relaxing)
 .debug_str     0x00000000000612cf      0xb0d src/_drivers/usb/usb_vcom.o
                                      0x5fd2e (size before relaxing)
 .debug_str     0x0000000000061ddc      0x25a src/_system/fcf.o
                                       0x31cc (size before relaxing)
 .debug_str     0x0000000000062036      0x1a3 src/_system/wdog.o
                                      0x55cf4 (size before relaxing)
 .debug_str     0x00000000000621d9      0x4a4 src/_util/LPUARTHandler.o
                                      0x5647d (size before relaxing)
 .debug_str     0x000000000006267d       0xda src/_util/queue.o
                                       0x321c (size before relaxing)
 .debug_str     0x0000000000062757      0xb50 src/board.o
                                      0x56b21 (size before relaxing)
 .debug_str     0x00000000000632a7      0x106 src/main.o
                                      0x5fb3f (size before relaxing)
 .debug_str     0x00000000000633ad       0x48 src/wifi_rn131.o
                                      0x55d9a (size before relaxing)

.debug_frame    0x0000000000000000     0x1160
 .debug_frame   0x0000000000000000       0x4c src/_cmsis/system_MKL28Z7.o
 .debug_frame   0x000000000000004c      0x230 src/_drivers/usb/device/source/khci/usb_device_khci.o
 .debug_frame   0x000000000000027c      0x2e0 src/_drivers/usb/device/source/usb_device_dci.o
 .debug_frame   0x000000000000055c      0x2f0 src/_drivers/usb/osa/usb_osa_bm.o
 .debug_frame   0x000000000000084c      0x194 src/_drivers/usb/usb_device_ch9.o
 .debug_frame   0x00000000000009e0       0xd0 src/_drivers/usb/usb_device_descriptor.o
 .debug_frame   0x0000000000000ab0      0x20c src/_drivers/usb/usb_vcom.o
 .debug_frame   0x0000000000000cbc       0x30 src/_system/wdog.o
 .debug_frame   0x0000000000000cec      0x148 src/_util/LPUARTHandler.o
 .debug_frame   0x0000000000000e34       0xb0 src/_util/queue.o
 .debug_frame   0x0000000000000ee4      0x120 src/board.o
 .debug_frame   0x0000000000001004       0xac src/main.o
 .debug_frame   0x00000000000010b0       0x70 src/wifi_rn131.o
 .debug_frame   0x0000000000001120       0x20 /opt/Atollic_TrueSTUDIO_for_ARM_x86_64_8.0.0/ARMTools/bin/../lib/gcc/arm-atollic-eabi/6.3.1/armv6-m/libgcc.a(_udivsi3.o)
 .debug_frame   0x0000000000001140       0x20 /opt/Atollic_TrueSTUDIO_for_ARM_x86_64_8.0.0/ARMTools/bin/../lib/gcc/arm-atollic-eabi/6.3.1/armv6-m/libgcc.a(_divsi3.o)

Cross Reference Table

Symbol                                            File
ADC0_IRQHandler                                   src/_cmsis/startup_MKL28Z7.o
BSS_BEGIN                                         src/_cmsis/startup_MKL28Z7.o
BSS_END                                           src/_cmsis/startup_MKL28Z7.o
Board_Init                                        src/board.o
                                                  src/main.o
Board_MCUBTN_Get                                  src/board.o
                                                  src/main.o
Board_MCULED_Set                                  src/board.o
                                                  src/main.o
CMP0_IRQHandler                                   src/_cmsis/startup_MKL28Z7.o
CMP1_IRQHandler                                   src/_cmsis/startup_MKL28Z7.o
CTI0_DMA0_Error_IRQHandler                        src/_cmsis/startup_MKL28Z7.o
DAC0_IRQHandler                                   src/_cmsis/startup_MKL28Z7.o
DATA_BEGIN                                        src/_cmsis/startup_MKL28Z7.o
DATA_END                                          src/_cmsis/startup_MKL28Z7.o
DATA_INIT                                         src/_cmsis/startup_MKL28Z7.o
DMA0_04_IRQHandler                                src/_cmsis/startup_MKL28Z7.o
DMA0_15_IRQHandler                                src/_cmsis/startup_MKL28Z7.o
DMA0_26_IRQHandler                                src/_cmsis/startup_MKL28Z7.o
DMA0_37_IRQHandler                                src/_cmsis/startup_MKL28Z7.o
EMVSIM0_IRQHandler                                src/_cmsis/startup_MKL28Z7.o
FLEXIO0_IRQHandler                                src/_cmsis/startup_MKL28Z7.o
FTFA_IRQHandler                                   src/_cmsis/startup_MKL28Z7.o
HardFault_Handler                                 src/_system/hardfault.o
                                                  src/_cmsis/startup_MKL28Z7.o
I2S0_IRQHandler                                   src/_cmsis/startup_MKL28Z7.o
INTMUX0_0_IRQHandler                              src/_system/intmux.o
                                                  src/_cmsis/startup_MKL28Z7.o
INTMUX0_1_IRQHandler                              src/_system/intmux.o
                                                  src/_cmsis/startup_MKL28Z7.o
INTMUX0_2_IRQHandler                              src/_system/intmux.o
                                                  src/_cmsis/startup_MKL28Z7.o
INTMUX0_3_IRQHandler                              src/_system/intmux.o
                                                  src/_cmsis/startup_MKL28Z7.o
LLWU0_IRQHandler                                  src/_cmsis/startup_MKL28Z7.o
LPI2C0_IRQHandler                                 src/_cmsis/startup_MKL28Z7.o
LPI2C1_IRQHandler                                 src/_cmsis/startup_MKL28Z7.o
LPI2C2_IRQHandler                                 src/_cmsis/startup_MKL28Z7.o
LPIT0_IRQHandler                                  src/_cmsis/startup_MKL28Z7.o
LPSPI0_IRQHandler                                 src/_cmsis/startup_MKL28Z7.o
LPSPI1_IRQHandler                                 src/_cmsis/startup_MKL28Z7.o
LPSPI2_IRQHandler                                 src/_cmsis/startup_MKL28Z7.o
LPTMR0_IRQHandler                                 src/_cmsis/startup_MKL28Z7.o
LPTMR1_IRQHandler                                 src/_cmsis/startup_MKL28Z7.o
LPUART0_IRQHandler                                src/_util/LPUARTHandler.o
                                                  src/_cmsis/startup_MKL28Z7.o
LPUART0_callback                                  src/main.o
LPUART1_IRQHandler                                src/_util/LPUARTHandler.o
                                                  src/_cmsis/startup_MKL28Z7.o
LPUART2_IRQHandler                                src/_util/LPUARTHandler.o
                                                  src/_cmsis/startup_MKL28Z7.o
LPUART2_callback                                  src/main.o
LPUARTHandler_Init                                src/_util/LPUARTHandler.o
                                                  src/wifi_rn131.o
LPUARTHandler_SendData                            src/_util/LPUARTHandler.o
                                                  src/wifi_rn131.o
LPUARTHandler_SendLine                            src/_util/LPUARTHandler.o
                                                  src/wifi_rn131.o
                                                  src/main.o
LPURTHandler_ReadLine                             src/_util/LPUARTHandler.o
                                                  src/wifi_rn131.o
                                                  src/main.o
NMI_Handler                                       src/_system/nmi.o
                                                  src/_cmsis/startup_MKL28Z7.o
PMC_IRQHandler                                    src/_cmsis/startup_MKL28Z7.o
PORTA_IRQHandler                                  src/_cmsis/startup_MKL28Z7.o
PORTB_IRQHandler                                  src/_cmsis/startup_MKL28Z7.o
PORTC_IRQHandler                                  src/_cmsis/startup_MKL28Z7.o
PORTD_IRQHandler                                  src/_cmsis/startup_MKL28Z7.o
PORTE_IRQHandler                                  src/_cmsis/startup_MKL28Z7.o
PendSV_Handler                                    src/_cmsis/startup_MKL28Z7.o
Queue_Dequeue                                     src/_util/queue.o
                                                  src/_util/LPUARTHandler.o
Queue_Enqueue                                     src/_util/queue.o
                                                  src/_util/LPUARTHandler.o
Queue_Init                                        src/_util/queue.o
                                                  src/_util/LPUARTHandler.o
Queue_getFreeCount                                src/_util/queue.o
Queue_getUsedCount                                src/_util/queue.o
                                                  src/_util/LPUARTHandler.o
RCM_IRQHandler                                    src/_cmsis/startup_MKL28Z7.o
RTC_IRQHandler                                    src/_cmsis/startup_MKL28Z7.o
RTC_Seconds_IRQHandler                            src/_cmsis/startup_MKL28Z7.o
Reserved32_IRQHandler                             src/_cmsis/startup_MKL28Z7.o
Reserved49_IRQHandler                             src/_cmsis/startup_MKL28Z7.o
Reserved50_IRQHandler                             src/_cmsis/startup_MKL28Z7.o
Reserved51_IRQHandler                             src/_cmsis/startup_MKL28Z7.o
Reserved67_IRQHandler                             src/_cmsis/startup_MKL28Z7.o
Reserved68_IRQHandler                             src/_cmsis/startup_MKL28Z7.o
Reserved69_IRQHandler                             src/_cmsis/startup_MKL28Z7.o
Reserved70_IRQHandler                             src/_cmsis/startup_MKL28Z7.o
Reserved71_IRQHandler                             src/_cmsis/startup_MKL28Z7.o
Reserved72_IRQHandler                             src/_cmsis/startup_MKL28Z7.o
Reserved73_IRQHandler                             src/_cmsis/startup_MKL28Z7.o
Reserved74_IRQHandler                             src/_cmsis/startup_MKL28Z7.o
Reserved75_IRQHandler                             src/_cmsis/startup_MKL28Z7.o
Reserved76_IRQHandler                             src/_cmsis/startup_MKL28Z7.o
Reserved77_IRQHandler                             src/_cmsis/startup_MKL28Z7.o
Reserved78_IRQHandler                             src/_cmsis/startup_MKL28Z7.o
Reserved79_IRQHandler                             src/_cmsis/startup_MKL28Z7.o
Reset_Handler                                     src/_cmsis/startup_MKL28Z7.o
SCG_IRQHandler                                    src/_cmsis/startup_MKL28Z7.o
STACK_BOTTOM                                      src/_cmsis/startup_MKL28Z7.o
STACK_TOP                                         src/_cmsis/startup_MKL28Z7.o
SVCall_Handler                                    src/_cmsis/startup_MKL28Z7.o
SYSTEM_Init                                       src/main.o
SysTick_Handler                                   src/_cmsis/startup_MKL28Z7.o
SystemCoreClock                                   src/_cmsis/system_MKL28Z7.o
SystemCoreClockUpdate                             src/_cmsis/system_MKL28Z7.o
                                                  src/_drivers/usb/usb_vcom.o
                                                  src/_cmsis/startup_MKL28Z7.o
SystemInit                                        src/_cmsis/system_MKL28Z7.o
                                                  src/_cmsis/startup_MKL28Z7.o
TPM0_IRQHandler                                   src/_cmsis/startup_MKL28Z7.o
TPM1_IRQHandler                                   src/_cmsis/startup_MKL28Z7.o
TPM2_IRQHandler                                   src/_cmsis/startup_MKL28Z7.o
TRNG_IRQHandler                                   src/_cmsis/startup_MKL28Z7.o
TSI0_IRQHandler                                   src/_cmsis/startup_MKL28Z7.o
USB0_IRQHandler                                   src/_drivers/usb/usb_vcom.o
                                                  src/_cmsis/startup_MKL28Z7.o
USB_DeviceCallback                                src/_drivers/usb/usb_vcom.o
                                                  src/_drivers/usb/usb_device_descriptor.o
USB_DeviceCancel                                  src/_drivers/usb/device/source/usb_device_dci.o
USB_DeviceCdcAcmBulkIn                            src/_drivers/usb/usb_vcom.o
USB_DeviceCdcAcmBulkOut                           src/_drivers/usb/usb_vcom.o
USB_DeviceCdcAcmInterruptIn                       src/_drivers/usb/usb_vcom.o
USB_DeviceConfigureEndpointStatus                 src/_drivers/usb/usb_vcom.o
                                                  src/_drivers/usb/usb_device_ch9.o
USB_DeviceConfigureRemoteWakeup                   src/_drivers/usb/usb_vcom.o
                                                  src/_drivers/usb/usb_device_ch9.o
USB_DeviceControlCallback                         src/_drivers/usb/usb_device_ch9.o
USB_DeviceControlPipeInit                         src/_drivers/usb/usb_device_ch9.o
                                                  src/_drivers/usb/usb_vcom.o
USB_DeviceDeinit                                  src/_drivers/usb/device/source/usb_device_dci.o
                                                  src/_drivers/usb/usb_vcom.o
USB_DeviceDeinitEndpoint                          src/_drivers/usb/device/source/usb_device_dci.o
                                                  src/_drivers/usb/usb_device_ch9.o
USB_DeviceGetClassReceiveBuffer                   src/_drivers/usb/usb_vcom.o
                                                  src/_drivers/usb/usb_device_ch9.o
USB_DeviceGetConfigure                            src/_drivers/usb/usb_device_descriptor.o
                                                  src/_drivers/usb/usb_device_ch9.o
USB_DeviceGetDescriptor                           src/_drivers/usb/usb_device_descriptor.o
                                                  src/_drivers/usb/usb_device_ch9.o
USB_DeviceGetInterface                            src/_drivers/usb/usb_device_descriptor.o
                                                  src/_drivers/usb/usb_device_ch9.o
USB_DeviceGetSetupBuffer                          src/_drivers/usb/usb_vcom.o
                                                  src/_drivers/usb/usb_device_ch9.o
USB_DeviceGetStatus                               src/_drivers/usb/device/source/usb_device_dci.o
                                                  src/_drivers/usb/usb_device_ch9.o
USB_DeviceGetVersion                              src/_drivers/usb/device/source/usb_device_dci.o
USB_DeviceInit                                    src/_drivers/usb/device/source/usb_device_dci.o
                                                  src/_drivers/usb/usb_vcom.o
USB_DeviceInitEndpoint                            src/_drivers/usb/device/source/usb_device_dci.o
                                                  src/_drivers/usb/usb_vcom.o
                                                  src/_drivers/usb/usb_device_ch9.o
USB_DeviceKhciCancel                              src/_drivers/usb/device/source/khci/usb_device_khci.o
                                                  src/_drivers/usb/device/source/usb_device_dci.o
USB_DeviceKhciControl                             src/_drivers/usb/device/source/khci/usb_device_khci.o
                                                  src/_drivers/usb/device/source/usb_device_dci.o
USB_DeviceKhciDeinit                              src/_drivers/usb/device/source/khci/usb_device_khci.o
                                                  src/_drivers/usb/device/source/usb_device_dci.o
USB_DeviceKhciInit                                src/_drivers/usb/device/source/khci/usb_device_khci.o
                                                  src/_drivers/usb/device/source/usb_device_dci.o
USB_DeviceKhciIsrFunction                         src/_drivers/usb/device/source/khci/usb_device_khci.o
                                                  src/_drivers/usb/usb_vcom.o
USB_DeviceKhciRecv                                src/_drivers/usb/device/source/khci/usb_device_khci.o
                                                  src/_drivers/usb/device/source/usb_device_dci.o
USB_DeviceKhciSend                                src/_drivers/usb/device/source/khci/usb_device_khci.o
                                                  src/_drivers/usb/device/source/usb_device_dci.o
USB_DeviceNotificationTrigger                     src/_drivers/usb/device/source/usb_device_dci.o
                                                  src/_drivers/usb/device/source/khci/usb_device_khci.o
USB_DeviceProcessClassRequest                     src/_drivers/usb/usb_vcom.o
                                                  src/_drivers/usb/usb_device_ch9.o
USB_DeviceRecvRequest                             src/_drivers/usb/device/source/usb_device_dci.o
                                                  src/_drivers/usb/usb_vcom.o
                                                  src/_drivers/usb/usb_device_ch9.o
USB_DeviceRun                                     src/_drivers/usb/device/source/usb_device_dci.o
                                                  src/_drivers/usb/usb_vcom.o
USB_DeviceSendRequest                             src/_drivers/usb/device/source/usb_device_dci.o
                                                  src/_drivers/usb/usb_vcom.o
                                                  src/_drivers/usb/usb_device_ch9.o
USB_DeviceSetConfigure                            src/_drivers/usb/usb_device_descriptor.o
                                                  src/_drivers/usb/usb_device_ch9.o
USB_DeviceSetInterface                            src/_drivers/usb/usb_device_descriptor.o
                                                  src/_drivers/usb/usb_device_ch9.o
USB_DeviceSetSpeed                                src/_drivers/usb/usb_device_descriptor.o
USB_DeviceSetStatus                               src/_drivers/usb/device/source/usb_device_dci.o
                                                  src/_drivers/usb/usb_device_ch9.o
USB_DeviceStallEndpoint                           src/_drivers/usb/device/source/usb_device_dci.o
                                                  src/_drivers/usb/usb_vcom.o
                                                  src/_drivers/usb/usb_device_ch9.o
USB_DeviceStop                                    src/_drivers/usb/device/source/usb_device_dci.o
                                                  src/_drivers/usb/usb_vcom.o
USB_DeviceUnstallEndpoint                         src/_drivers/usb/device/source/usb_device_dci.o
                                                  src/_drivers/usb/usb_vcom.o
                                                  src/_drivers/usb/usb_device_ch9.o
USB_OsaEnterCritical                              src/_drivers/usb/osa/usb_osa_bm.o
                                                  src/_drivers/usb/device/source/usb_device_dci.o
                                                  src/_drivers/usb/device/source/khci/usb_device_khci.o
USB_OsaEventCheck                                 src/_drivers/usb/osa/usb_osa_bm.o
USB_OsaEventClear                                 src/_drivers/usb/osa/usb_osa_bm.o
USB_OsaEventCreate                                src/_drivers/usb/osa/usb_osa_bm.o
USB_OsaEventDestroy                               src/_drivers/usb/osa/usb_osa_bm.o
USB_OsaEventSet                                   src/_drivers/usb/osa/usb_osa_bm.o
USB_OsaEventWait                                  src/_drivers/usb/osa/usb_osa_bm.o
USB_OsaExitCritical                               src/_drivers/usb/osa/usb_osa_bm.o
                                                  src/_drivers/usb/device/source/usb_device_dci.o
                                                  src/_drivers/usb/device/source/khci/usb_device_khci.o
USB_OsaMemoryAllocate                             src/_drivers/usb/osa/usb_osa_bm.o
USB_OsaMemoryFree                                 src/_drivers/usb/osa/usb_osa_bm.o
USB_OsaMsgqCheck                                  src/_drivers/usb/osa/usb_osa_bm.o
USB_OsaMsgqCreate                                 src/_drivers/usb/osa/usb_osa_bm.o
USB_OsaMsgqDestroy                                src/_drivers/usb/osa/usb_osa_bm.o
USB_OsaMsgqRecv                                   src/_drivers/usb/osa/usb_osa_bm.o
USB_OsaMsgqSend                                   src/_drivers/usb/osa/usb_osa_bm.o
USB_OsaMutexCreate                                src/_drivers/usb/osa/usb_osa_bm.o
USB_OsaMutexDestroy                               src/_drivers/usb/osa/usb_osa_bm.o
USB_OsaMutexLock                                  src/_drivers/usb/osa/usb_osa_bm.o
USB_OsaMutexUnlock                                src/_drivers/usb/osa/usb_osa_bm.o
USB_OsaSemCreate                                  src/_drivers/usb/osa/usb_osa_bm.o
USB_OsaSemDestroy                                 src/_drivers/usb/osa/usb_osa_bm.o
USB_OsaSemPost                                    src/_drivers/usb/osa/usb_osa_bm.o
USB_OsaSemWait                                    src/_drivers/usb/osa/usb_osa_bm.o
USB_VCOM_Deinit                                   src/_drivers/usb/usb_vcom.o
USB_VCOM_Init                                     src/_drivers/usb/usb_vcom.o
                                                  src/main.o
USB_VCOM_Service                                  src/_drivers/usb/usb_vcom.o
                                                  src/main.o
WDOG0_IRQHandler                                  src/_cmsis/startup_MKL28Z7.o
__aeabi_idiv                                      /opt/Atollic_TrueSTUDIO_for_ARM_x86_64_8.0.0/ARMTools/bin/../lib/gcc/arm-atollic-eabi/6.3.1/armv6-m/libgcc.a(_divsi3.o)
                                                  src/main.o
__aeabi_idiv0                                     /opt/Atollic_TrueSTUDIO_for_ARM_x86_64_8.0.0/ARMTools/bin/../lib/gcc/arm-atollic-eabi/6.3.1/armv6-m/libgcc.a(_dvmd_tls.o)
                                                  /opt/Atollic_TrueSTUDIO_for_ARM_x86_64_8.0.0/ARMTools/bin/../lib/gcc/arm-atollic-eabi/6.3.1/armv6-m/libgcc.a(_divsi3.o)
                                                  /opt/Atollic_TrueSTUDIO_for_ARM_x86_64_8.0.0/ARMTools/bin/../lib/gcc/arm-atollic-eabi/6.3.1/armv6-m/libgcc.a(_udivsi3.o)
__aeabi_idivmod                                   /opt/Atollic_TrueSTUDIO_for_ARM_x86_64_8.0.0/ARMTools/bin/../lib/gcc/arm-atollic-eabi/6.3.1/armv6-m/libgcc.a(_divsi3.o)
                                                  src/_util/queue.o
__aeabi_ldiv0                                     /opt/Atollic_TrueSTUDIO_for_ARM_x86_64_8.0.0/ARMTools/bin/../lib/gcc/arm-atollic-eabi/6.3.1/armv6-m/libgcc.a(_dvmd_tls.o)
__aeabi_uidiv                                     /opt/Atollic_TrueSTUDIO_for_ARM_x86_64_8.0.0/ARMTools/bin/../lib/gcc/arm-atollic-eabi/6.3.1/armv6-m/libgcc.a(_udivsi3.o)
                                                  src/_cmsis/system_MKL28Z7.o
__aeabi_uidivmod                                  /opt/Atollic_TrueSTUDIO_for_ARM_x86_64_8.0.0/ARMTools/bin/../lib/gcc/arm-atollic-eabi/6.3.1/armv6-m/libgcc.a(_udivsi3.o)
                                                  src/_util/queue.o
                                                  src/_drivers/usb/usb_vcom.o
                                                  src/_drivers/usb/osa/usb_osa_bm.o
                                                  src/_drivers/usb/device/source/khci/usb_device_khci.o
__divsi3                                          /opt/Atollic_TrueSTUDIO_for_ARM_x86_64_8.0.0/ARMTools/bin/../lib/gcc/arm-atollic-eabi/6.3.1/armv6-m/libgcc.a(_divsi3.o)
__udivsi3                                         /opt/Atollic_TrueSTUDIO_for_ARM_x86_64_8.0.0/ARMTools/bin/../lib/gcc/arm-atollic-eabi/6.3.1/armv6-m/libgcc.a(_udivsi3.o)
buff1                                             src/main.o
buff2                                             src/main.o
clkout_set                                        src/_system/clkout.o
fcf                                               src/_system/fcf.o
free                                              src/_drivers/usb/osa/usb_osa_bm.o
g_UsbDeviceConfigurationDescriptor                src/_drivers/usb/usb_device_descriptor.o
g_UsbDeviceDescriptor                             src/_drivers/usb/usb_device_descriptor.o
g_UsbDeviceLanguage                               src/_drivers/usb/usb_device_descriptor.o
g_UsbDeviceLanguageList                           src/_drivers/usb/usb_device_descriptor.o
g_UsbDeviceString0                                src/_drivers/usb/usb_device_descriptor.o
g_UsbDeviceString1                                src/_drivers/usb/usb_device_descriptor.o
g_UsbDeviceString2                                src/_drivers/usb/usb_device_descriptor.o
g_UsbDeviceStringDescriptorArray                  src/_drivers/usb/usb_device_descriptor.o
g_UsbDeviceStringDescriptorLength                 src/_drivers/usb/usb_device_descriptor.o
g_currentConfigure                                src/_drivers/usb/usb_device_descriptor.o
g_interface                                       src/_drivers/usb/usb_device_descriptor.o
main                                              src/main.o
                                                  src/_cmsis/startup_MKL28Z7.o
malloc                                            src/_drivers/usb/osa/usb_osa_bm.o
memcmp                                            src/_system/mem.o
memcpy                                            src/_system/mem.o
                                                  src/_cmsis/startup_MKL28Z7.o
memmove                                           src/_system/mem.o
memset                                            src/_system/mem.o
                                                  src/_cmsis/startup_MKL28Z7.o
rn131_Init                                        src/wifi_rn131.o
                                                  src/main.o
rn131_test                                        src/wifi_rn131.o
                                                  src/main.o
tstmr_get_val                                     src/_system/tstmr.o
                                                  src/_system/wdog.o
wdog_set                                          src/_system/wdog.o
                                                  src/main.o
