
Allocating common symbols
Common symbol       size              file

SystemCoreClock     0x4               src\_cmsis\system_MKL28Z7.o

Discarded input sections

 .text          0x00000000        0x0 src\_cmsis\startup_MKL28Z7.o
 .data          0x00000000        0x0 src\_cmsis\startup_MKL28Z7.o
 .bss           0x00000000        0x0 src\_cmsis\startup_MKL28Z7.o
 .group         0x00000000        0x8 src\_cmsis\system_MKL28Z7.o
 .group         0x00000000        0x8 src\_cmsis\system_MKL28Z7.o
 .group         0x00000000        0x8 src\_cmsis\system_MKL28Z7.o
 .group         0x00000000        0x8 src\_cmsis\system_MKL28Z7.o
 .group         0x00000000        0x8 src\_cmsis\system_MKL28Z7.o
 .group         0x00000000        0x8 src\_cmsis\system_MKL28Z7.o
 .group         0x00000000        0x8 src\_cmsis\system_MKL28Z7.o
 .group         0x00000000        0x8 src\_cmsis\system_MKL28Z7.o
 .text          0x00000000        0x0 src\_cmsis\system_MKL28Z7.o
 .data          0x00000000        0x0 src\_cmsis\system_MKL28Z7.o
 .bss           0x00000000        0x0 src\_cmsis\system_MKL28Z7.o
 .group         0x00000000        0x8 src\_system\clkout.o
 .group         0x00000000        0x8 src\_system\clkout.o
 .group         0x00000000        0x8 src\_system\clkout.o
 .group         0x00000000        0x8 src\_system\clkout.o
 .group         0x00000000        0x8 src\_system\clkout.o
 .group         0x00000000        0x8 src\_system\clkout.o
 .group         0x00000000        0x8 src\_system\clkout.o
 .group         0x00000000        0x8 src\_system\clkout.o
 .group         0x00000000        0x8 src\_system\clkout.o
 .text          0x00000000        0x0 src\_system\clkout.o
 .data          0x00000000        0x0 src\_system\clkout.o
 .bss           0x00000000        0x0 src\_system\clkout.o
 .text.clkout_set
                0x00000000       0xa8 src\_system\clkout.o
 .rodata.clkout_set
                0x00000000       0x18 src\_system\clkout.o
 .debug_info    0x00000000      0x396 src\_system\clkout.o
 .debug_abbrev  0x00000000      0x107 src\_system\clkout.o
 .debug_aranges
                0x00000000       0x20 src\_system\clkout.o
 .debug_ranges  0x00000000       0x10 src\_system\clkout.o
 .debug_macro   0x00000000       0x79 src\_system\clkout.o
 .debug_macro   0x00000000      0x8a4 src\_system\clkout.o
 .debug_macro   0x00000000       0x3f src\_system\clkout.o
 .debug_macro   0x00000000      0x34e src\_system\clkout.o
 .debug_macro   0x00000000       0x34 src\_system\clkout.o
 .debug_macro   0x00000000       0x26 src\_system\clkout.o
 .debug_macro   0x00000000      0x44f src\_system\clkout.o
 .debug_macro   0x00000000      0x1c0 src\_system\clkout.o
 .debug_macro   0x00000000     0xaac0 src\_system\clkout.o
 .debug_macro   0x00000000       0x40 src\_system\clkout.o
 .debug_line    0x00000000      0x163 src\_system\clkout.o
 .debug_str     0x00000000    0x55d3e src\_system\clkout.o
 .comment       0x00000000       0x7d src\_system\clkout.o
 .debug_frame   0x00000000       0x30 src\_system\clkout.o
 .ARM.attributes
                0x00000000       0x32 src\_system\clkout.o
 .group         0x00000000        0x8 src\_system\fcf.o
 .group         0x00000000        0x8 src\_system\fcf.o
 .group         0x00000000        0x8 src\_system\fcf.o
 .text          0x00000000        0x0 src\_system\fcf.o
 .data          0x00000000        0x0 src\_system\fcf.o
 .bss           0x00000000        0x0 src\_system\fcf.o
 .debug_macro   0x00000000      0x8a4 src\_system\fcf.o
 .debug_macro   0x00000000      0x34e src\_system\fcf.o
 .text          0x00000000        0x0 src\_system\hardfault.o
 .data          0x00000000        0x0 src\_system\hardfault.o
 .bss           0x00000000        0x0 src\_system\hardfault.o
 .text          0x00000000        0x0 src\_system\intmux.o
 .data          0x00000000        0x0 src\_system\intmux.o
 .bss           0x00000000        0x0 src\_system\intmux.o
 .text          0x00000000        0x0 src\_system\mem.o
 .data          0x00000000        0x0 src\_system\mem.o
 .bss           0x00000000        0x0 src\_system\mem.o
 .text.memcmp   0x00000000       0x24 src\_system\mem.o
 .text.memmove  0x00000000       0x12 src\_system\mem.o
 .text.memcpy_up
                0x00000000       0x16 src\_system\mem.o
 .text          0x00000000        0x0 src\_system\nmi.o
 .data          0x00000000        0x0 src\_system\nmi.o
 .bss           0x00000000        0x0 src\_system\nmi.o
 .text          0x00000000        0x0 src\_system\tstmr.o
 .data          0x00000000        0x0 src\_system\tstmr.o
 .bss           0x00000000        0x0 src\_system\tstmr.o
 .group         0x00000000        0x8 src\_system\wdog.o
 .group         0x00000000        0x8 src\_system\wdog.o
 .group         0x00000000        0x8 src\_system\wdog.o
 .group         0x00000000        0x8 src\_system\wdog.o
 .group         0x00000000        0x8 src\_system\wdog.o
 .group         0x00000000        0x8 src\_system\wdog.o
 .group         0x00000000        0x8 src\_system\wdog.o
 .group         0x00000000        0x8 src\_system\wdog.o
 .group         0x00000000        0x8 src\_system\wdog.o
 .text          0x00000000        0x0 src\_system\wdog.o
 .data          0x00000000        0x0 src\_system\wdog.o
 .bss           0x00000000        0x0 src\_system\wdog.o
 .debug_macro   0x00000000      0x8a4 src\_system\wdog.o
 .debug_macro   0x00000000       0x3f src\_system\wdog.o
 .debug_macro   0x00000000      0x34e src\_system\wdog.o
 .debug_macro   0x00000000       0x34 src\_system\wdog.o
 .debug_macro   0x00000000       0x26 src\_system\wdog.o
 .debug_macro   0x00000000      0x44f src\_system\wdog.o
 .debug_macro   0x00000000      0x1c0 src\_system\wdog.o
 .debug_macro   0x00000000     0xaac0 src\_system\wdog.o
 .group         0x00000000        0x8 src\main.o
 .group         0x00000000        0x8 src\main.o
 .group         0x00000000        0x8 src\main.o
 .group         0x00000000        0x8 src\main.o
 .group         0x00000000        0x8 src\main.o
 .group         0x00000000        0x8 src\main.o
 .group         0x00000000        0x8 src\main.o
 .group         0x00000000        0x8 src\main.o
 .group         0x00000000        0x8 src\main.o
 .text          0x00000000        0x0 src\main.o
 .data          0x00000000        0x0 src\main.o
 .bss           0x00000000        0x0 src\main.o
 .debug_macro   0x00000000      0x8a4 src\main.o
 .debug_macro   0x00000000       0x3f src\main.o
 .debug_macro   0x00000000      0x34e src\main.o
 .debug_macro   0x00000000       0x34 src\main.o
 .debug_macro   0x00000000       0x26 src\main.o
 .debug_macro   0x00000000      0x44f src\main.o
 .debug_macro   0x00000000      0x1c0 src\main.o
 .debug_macro   0x00000000     0xaac0 src\main.o
 .debug_macro   0x00000000       0x1c src\main.o

Memory Configuration

Name             Origin             Length             Attributes
m_flash_vectab   0x00000000         0x00000140         r
m_flash_gap      0x00000140         0x000002c0         r
m_flash_fcf      0x00000400         0x00000010         r
m_flash_bulk     0x00000410         0x0007fbf0         xr
m_sram           0x1fff8000         0x00020000         rw
*default*        0x00000000         0xffffffff

Linker script and memory map

                0x00000800                STACK_SIZE = 0x800
                0x00000800                STACK_SIZE_DEF = 0x800
                0x00000800                STACK_SIZE_VAL = DEFINED (STACK_SIZE)?STACK_SIZE:STACK_SIZE_DEF

.vectab         0x00000000      0x140
 *(.vectab)
 .vectab        0x00000000      0x140 src\_cmsis\startup_MKL28Z7.o

.fcf            0x00000400       0x10
 *(.fcf)
 .fcf           0x00000400       0x10 src\_system\fcf.o
                0x00000400                fcf

.text           0x00000410      0x37c
 *(.text)
 *(.text*)
 .text.Reset_Handler
                0x00000410       0x50 src\_cmsis\startup_MKL28Z7.o
                0x00000410                Reset_Handler
 .text.Default_Handler
                0x00000460        0x4 src\_cmsis\startup_MKL28Z7.o
                0x00000460                SVCall_Handler
                0x00000460                Reserved76_IRQHandler
                0x00000460                SysTick_Handler
                0x00000460                Reserved50_IRQHandler
                0x00000460                PendSV_Handler
                0x00000460                Reserved74_IRQHandler
                0x00000460                FLEXIO0_IRQHandler
                0x00000460                Reserved79_IRQHandler
                0x00000460                TPM0_IRQHandler
                0x00000460                LPIT0_IRQHandler
                0x00000460                LPI2C0_IRQHandler
                0x00000460                Reserved68_IRQHandler
                0x00000460                Reserved77_IRQHandler
                0x00000460                I2S0_IRQHandler
                0x00000460                WDOG0_IRQHandler
                0x00000460                TSI0_IRQHandler
                0x00000460                DMA0_26_IRQHandler
                0x00000460                Reserved75_IRQHandler
                0x00000460                ADC0_IRQHandler
                0x00000460                EMVSIM0_IRQHandler
                0x00000460                DMA0_04_IRQHandler
                0x00000460                LPUART2_IRQHandler
                0x00000460                CMP1_IRQHandler
                0x00000460                Reserved71_IRQHandler
                0x00000460                PORTD_IRQHandler
                0x00000460                Reserved69_IRQHandler
                0x00000460                PORTB_IRQHandler
                0x00000460                LLWU0_IRQHandler
                0x00000460                Reserved70_IRQHandler
                0x00000460                TPM2_IRQHandler
                0x00000460                RTC_IRQHandler
                0x00000460                Reserved78_IRQHandler
                0x00000460                LPSPI1_IRQHandler
                0x00000460                RTC_Seconds_IRQHandler
                0x00000460                LPI2C2_IRQHandler
                0x00000460                Reserved72_IRQHandler
                0x00000460                Reserved32_IRQHandler
                0x00000460                DMA0_37_IRQHandler
                0x00000460                LPSPI0_IRQHandler
                0x00000460                USB0_IRQHandler
                0x00000460                CTI0_DMA0_Error_IRQHandler
                0x00000460                RCM_IRQHandler
                0x00000460                DMA0_15_IRQHandler
                0x00000460                LPUART0_IRQHandler
                0x00000460                DAC0_IRQHandler
                0x00000460                SCG_IRQHandler
                0x00000460                LPUART1_IRQHandler
                0x00000460                LPI2C1_IRQHandler
                0x00000460                Reserved73_IRQHandler
                0x00000460                PMC_IRQHandler
                0x00000460                TPM1_IRQHandler
                0x00000460                Reserved51_IRQHandler
                0x00000460                PORTA_IRQHandler
                0x00000460                LPSPI2_IRQHandler
                0x00000460                FTFA_IRQHandler
                0x00000460                PORTE_IRQHandler
                0x00000460                LPTMR0_IRQHandler
                0x00000460                LPTMR1_IRQHandler
                0x00000460                CMP0_IRQHandler
                0x00000460                Reserved49_IRQHandler
                0x00000460                TRNG_IRQHandler
                0x00000460                PORTC_IRQHandler
                0x00000460                Reserved67_IRQHandler
 .text.SystemInit
                0x00000464      0x140 src\_cmsis\system_MKL28Z7.o
                0x00000464                SystemInit
 .text.SystemCoreClockUpdate
                0x000005a4       0x18 src\_cmsis\system_MKL28Z7.o
                0x000005a4                SystemCoreClockUpdate
 .text.HardFault_Handler
                0x000005bc        0x4 src\_system\hardfault.o
                0x000005bc                HardFault_Handler
 .text.INTMUX0_IRQHandler
                0x000005c0       0x2c src\_system\intmux.o
                0x000005c0                INTMUX0_1_IRQHandler
                0x000005c0                INTMUX0_0_IRQHandler
                0x000005c0                INTMUX0_2_IRQHandler
                0x000005c0                INTMUX0_3_IRQHandler
 .text.memcpy   0x000005ec        0xe src\_system\mem.o
                0x000005ec                memcpy
 .text.memset   0x000005fa        0xc src\_system\mem.o
                0x000005fa                memset
 .text.NMI_Handler
                0x00000606        0x2 src\_system\nmi.o
                0x00000606                NMI_Handler
 .text.tstmr_get_val
                0x00000608       0x1c src\_system\tstmr.o
                0x00000608                tstmr_get_val
 .text.wdog_set
                0x00000624      0x114 src\_system\wdog.o
                0x00000624                wdog_set
 .text.wdog_refresh
                0x00000738       0x18 src\main.o
 .text.main     0x00000750       0x16 src\main.o
                0x00000750                main
 *(.rodata)
 *(.rodata*)
 *fill*         0x00000766        0x2 
 .rodata.wdog_set
                0x00000768       0x24 src\_system\wdog.o

.glue_7         0x0000078c        0x0
 .glue_7        0x0000078c        0x0 linker stubs

.glue_7t        0x0000078c        0x0
 .glue_7t       0x0000078c        0x0 linker stubs

.vfp11_veneer   0x0000078c        0x0
 .vfp11_veneer  0x0000078c        0x0 linker stubs

.v4_bx          0x0000078c        0x0
 .v4_bx         0x0000078c        0x0 linker stubs

.iplt           0x0000078c        0x0
 .iplt          0x0000078c        0x0 src\_cmsis\startup_MKL28Z7.o

.rel.dyn        0x0000078c        0x0
 .rel.iplt      0x0000078c        0x0 src\_cmsis\startup_MKL28Z7.o

.stack          0x1fff8000      0x800
                0x1fff8000                . = ALIGN (0x8)
                0x1fff8000                STACK_BOTTOM = .
                0x1fff8800                . = (. + STACK_SIZE_VAL)
 *fill*         0x1fff8000      0x800 
                0x1fff8800                . = ALIGN (0x8)
                0x1fff8800                STACK_TOP = .

.data           0x1fff8800        0x0 load address 0x0000078c
                0x1fff8800                DATA_BEGIN = .
 *(.data)
 *(.data*)
                0x1fff8800                DATA_END = .
                0x0000078c                DATA_INIT = LOADADDR (.data)

.igot.plt       0x1fff8800        0x0 load address 0x0000078c
 .igot.plt      0x1fff8800        0x0 src\_cmsis\startup_MKL28Z7.o

.bss            0x1fff8800        0x4 load address 0x0000078c
                0x1fff8800                BSS_BEGIN = .
 *(.bss)
 *(.bss*)
 *(COMMON)
 COMMON         0x1fff8800        0x4 src\_cmsis\system_MKL28Z7.o
                0x1fff8800                SystemCoreClock
                0x1fff8804                BSS_END = .
LOAD src\_cmsis\startup_MKL28Z7.o
LOAD src\_cmsis\system_MKL28Z7.o
LOAD src\_system\clkout.o
LOAD src\_system\fcf.o
LOAD src\_system\hardfault.o
LOAD src\_system\intmux.o
LOAD src\_system\mem.o
LOAD src\_system\nmi.o
LOAD src\_system\tstmr.o
LOAD src\_system\wdog.o
LOAD src\main.o
LOAD c:/program files (x86)/atollic/truestudio for arm 8.0.0/armtools/bin/../lib/gcc/arm-atollic-eabi/6.3.1/armv6-m\libgcc.a
OUTPUT(mkl28z7_template.elf elf32-littlearm)

.ARM.attributes
                0x00000000       0x2e
 .ARM.attributes
                0x00000000       0x1b src\_cmsis\startup_MKL28Z7.o
 .ARM.attributes
                0x0000001b       0x32 src\_cmsis\system_MKL28Z7.o
 .ARM.attributes
                0x0000004d       0x32 src\_system\fcf.o
 .ARM.attributes
                0x0000007f       0x1b src\_system\hardfault.o
 .ARM.attributes
                0x0000009a       0x1b src\_system\intmux.o
 .ARM.attributes
                0x000000b5       0x1b src\_system\mem.o
 .ARM.attributes
                0x000000d0       0x1b src\_system\nmi.o
 .ARM.attributes
                0x000000eb       0x1b src\_system\tstmr.o
 .ARM.attributes
                0x00000106       0x32 src\_system\wdog.o
 .ARM.attributes
                0x00000138       0x32 src\main.o

.comment        0x00000000       0x7c
 .comment       0x00000000       0x7c src\_cmsis\system_MKL28Z7.o
                                 0x7d (size before relaxing)
 .comment       0x0000007c       0x7d src\_system\fcf.o
 .comment       0x0000007c       0x7d src\_system\wdog.o
 .comment       0x0000007c       0x7d src\main.o

.debug_line     0x00000000      0x7ac
 .debug_line    0x00000000       0x7b src\_cmsis\startup_MKL28Z7.o
 .debug_line    0x0000007b      0x18a src\_cmsis\system_MKL28Z7.o
 .debug_line    0x00000205       0xc2 src\_system\fcf.o
 .debug_line    0x000002c7       0x4b src\_system\hardfault.o
 .debug_line    0x00000312       0x5a src\_system\intmux.o
 .debug_line    0x0000036c       0xb0 src\_system\mem.o
 .debug_line    0x0000041c       0x44 src\_system\nmi.o
 .debug_line    0x00000460       0x4f src\_system\tstmr.o
 .debug_line    0x000004af      0x197 src\_system\wdog.o
 .debug_line    0x00000646      0x166 src\main.o

.debug_info     0x00000000      0x9a4
 .debug_info    0x00000000       0x78 src\_cmsis\startup_MKL28Z7.o
 .debug_info    0x00000078      0x2e3 src\_cmsis\system_MKL28Z7.o
 .debug_info    0x0000035b       0xa5 src\_system\fcf.o
 .debug_info    0x00000400       0x77 src\_system\hardfault.o
 .debug_info    0x00000477       0x74 src\_system\intmux.o
 .debug_info    0x000004eb       0x6d src\_system\mem.o
 .debug_info    0x00000558       0x71 src\_system\nmi.o
 .debug_info    0x000005c9       0x73 src\_system\tstmr.o
 .debug_info    0x0000063c      0x224 src\_system\wdog.o
 .debug_info    0x00000860      0x144 src\main.o

.debug_abbrev   0x00000000      0x404
 .debug_abbrev  0x00000000       0x12 src\_cmsis\startup_MKL28Z7.o
 .debug_abbrev  0x00000012       0xed src\_cmsis\system_MKL28Z7.o
 .debug_abbrev  0x000000ff       0x60 src\_system\fcf.o
 .debug_abbrev  0x0000015f       0x14 src\_system\hardfault.o
 .debug_abbrev  0x00000173       0x14 src\_system\intmux.o
 .debug_abbrev  0x00000187       0x12 src\_system\mem.o
 .debug_abbrev  0x00000199       0x14 src\_system\nmi.o
 .debug_abbrev  0x000001ad       0x14 src\_system\tstmr.o
 .debug_abbrev  0x000001c1      0x171 src\_system\wdog.o
 .debug_abbrev  0x00000332       0xd2 src\main.o

.debug_aranges  0x00000000      0x170
 .debug_aranges
                0x00000000       0x28 src\_cmsis\startup_MKL28Z7.o
 .debug_aranges
                0x00000028       0x28 src\_cmsis\system_MKL28Z7.o
 .debug_aranges
                0x00000050       0x18 src\_system\fcf.o
 .debug_aranges
                0x00000068       0x20 src\_system\hardfault.o
 .debug_aranges
                0x00000088       0x20 src\_system\intmux.o
 .debug_aranges
                0x000000a8       0x40 src\_system\mem.o
 .debug_aranges
                0x000000e8       0x20 src\_system\nmi.o
 .debug_aranges
                0x00000108       0x20 src\_system\tstmr.o
 .debug_aranges
                0x00000128       0x20 src\_system\wdog.o
 .debug_aranges
                0x00000148       0x28 src\main.o

.debug_ranges   0x00000000       0x98
 .debug_ranges  0x00000000       0x20 src\_cmsis\startup_MKL28Z7.o
 .debug_ranges  0x00000020       0x18 src\_cmsis\system_MKL28Z7.o
 .debug_ranges  0x00000038       0x38 src\_system\mem.o
 .debug_ranges  0x00000070       0x10 src\_system\wdog.o
 .debug_ranges  0x00000080       0x18 src\main.o

.debug_macro    0x00000000     0xbfa3
 .debug_macro   0x00000000       0x70 src\_cmsis\system_MKL28Z7.o
 .debug_macro   0x00000070      0x8a4 src\_cmsis\system_MKL28Z7.o
 .debug_macro   0x00000914       0x3f src\_cmsis\system_MKL28Z7.o
 .debug_macro   0x00000953      0x34e src\_cmsis\system_MKL28Z7.o
 .debug_macro   0x00000ca1       0x34 src\_cmsis\system_MKL28Z7.o
 .debug_macro   0x00000cd5       0x26 src\_cmsis\system_MKL28Z7.o
 .debug_macro   0x00000cfb      0x44f src\_cmsis\system_MKL28Z7.o
 .debug_macro   0x0000114a      0x1c0 src\_cmsis\system_MKL28Z7.o
 .debug_macro   0x0000130a     0xaac0 src\_cmsis\system_MKL28Z7.o
 .debug_macro   0x0000bdca       0x2d src\_system\fcf.o
 .debug_macro   0x0000bdf7       0x94 src\_system\fcf.o
 .debug_macro   0x0000be8b       0x83 src\_system\wdog.o
 .debug_macro   0x0000bf0e       0x1c src\_system\wdog.o
 .debug_macro   0x0000bf2a       0x79 src\main.o

.debug_str      0x00000000    0x55d48
 .debug_str     0x00000000    0x558e1 src\_cmsis\system_MKL28Z7.o
                              0x55bb3 (size before relaxing)
 .debug_str     0x000558e1      0x25a src\_system\fcf.o
                               0x31d3 (size before relaxing)
 .debug_str     0x00055b3b      0x1ed src\_system\wdog.o
                              0x55c75 (size before relaxing)
 .debug_str     0x00055d28       0x20 src\main.o
                              0x55be6 (size before relaxing)

.debug_frame    0x00000000       0xc0
 .debug_frame   0x00000000       0x48 src\_cmsis\system_MKL28Z7.o
 .debug_frame   0x00000048       0x30 src\_system\wdog.o
 .debug_frame   0x00000078       0x48 src\main.o

Cross Reference Table

Symbol                                            File
ADC0_IRQHandler                                   src\_cmsis\startup_MKL28Z7.o
BSS_BEGIN                                         src\_cmsis\startup_MKL28Z7.o
BSS_END                                           src\_cmsis\startup_MKL28Z7.o
CMP0_IRQHandler                                   src\_cmsis\startup_MKL28Z7.o
CMP1_IRQHandler                                   src\_cmsis\startup_MKL28Z7.o
CTI0_DMA0_Error_IRQHandler                        src\_cmsis\startup_MKL28Z7.o
DAC0_IRQHandler                                   src\_cmsis\startup_MKL28Z7.o
DATA_BEGIN                                        src\_cmsis\startup_MKL28Z7.o
DATA_END                                          src\_cmsis\startup_MKL28Z7.o
DATA_INIT                                         src\_cmsis\startup_MKL28Z7.o
DMA0_04_IRQHandler                                src\_cmsis\startup_MKL28Z7.o
DMA0_15_IRQHandler                                src\_cmsis\startup_MKL28Z7.o
DMA0_26_IRQHandler                                src\_cmsis\startup_MKL28Z7.o
DMA0_37_IRQHandler                                src\_cmsis\startup_MKL28Z7.o
EMVSIM0_IRQHandler                                src\_cmsis\startup_MKL28Z7.o
FLEXIO0_IRQHandler                                src\_cmsis\startup_MKL28Z7.o
FTFA_IRQHandler                                   src\_cmsis\startup_MKL28Z7.o
HardFault_Handler                                 src\_system\hardfault.o
                                                  src\_cmsis\startup_MKL28Z7.o
I2S0_IRQHandler                                   src\_cmsis\startup_MKL28Z7.o
INTMUX0_0_IRQHandler                              src\_system\intmux.o
                                                  src\_cmsis\startup_MKL28Z7.o
INTMUX0_1_IRQHandler                              src\_system\intmux.o
                                                  src\_cmsis\startup_MKL28Z7.o
INTMUX0_2_IRQHandler                              src\_system\intmux.o
                                                  src\_cmsis\startup_MKL28Z7.o
INTMUX0_3_IRQHandler                              src\_system\intmux.o
                                                  src\_cmsis\startup_MKL28Z7.o
LLWU0_IRQHandler                                  src\_cmsis\startup_MKL28Z7.o
LPI2C0_IRQHandler                                 src\_cmsis\startup_MKL28Z7.o
LPI2C1_IRQHandler                                 src\_cmsis\startup_MKL28Z7.o
LPI2C2_IRQHandler                                 src\_cmsis\startup_MKL28Z7.o
LPIT0_IRQHandler                                  src\_cmsis\startup_MKL28Z7.o
LPSPI0_IRQHandler                                 src\_cmsis\startup_MKL28Z7.o
LPSPI1_IRQHandler                                 src\_cmsis\startup_MKL28Z7.o
LPSPI2_IRQHandler                                 src\_cmsis\startup_MKL28Z7.o
LPTMR0_IRQHandler                                 src\_cmsis\startup_MKL28Z7.o
LPTMR1_IRQHandler                                 src\_cmsis\startup_MKL28Z7.o
LPUART0_IRQHandler                                src\_cmsis\startup_MKL28Z7.o
LPUART1_IRQHandler                                src\_cmsis\startup_MKL28Z7.o
LPUART2_IRQHandler                                src\_cmsis\startup_MKL28Z7.o
NMI_Handler                                       src\_system\nmi.o
                                                  src\_cmsis\startup_MKL28Z7.o
PMC_IRQHandler                                    src\_cmsis\startup_MKL28Z7.o
PORTA_IRQHandler                                  src\_cmsis\startup_MKL28Z7.o
PORTB_IRQHandler                                  src\_cmsis\startup_MKL28Z7.o
PORTC_IRQHandler                                  src\_cmsis\startup_MKL28Z7.o
PORTD_IRQHandler                                  src\_cmsis\startup_MKL28Z7.o
PORTE_IRQHandler                                  src\_cmsis\startup_MKL28Z7.o
PendSV_Handler                                    src\_cmsis\startup_MKL28Z7.o
RCM_IRQHandler                                    src\_cmsis\startup_MKL28Z7.o
RTC_IRQHandler                                    src\_cmsis\startup_MKL28Z7.o
RTC_Seconds_IRQHandler                            src\_cmsis\startup_MKL28Z7.o
Reserved32_IRQHandler                             src\_cmsis\startup_MKL28Z7.o
Reserved49_IRQHandler                             src\_cmsis\startup_MKL28Z7.o
Reserved50_IRQHandler                             src\_cmsis\startup_MKL28Z7.o
Reserved51_IRQHandler                             src\_cmsis\startup_MKL28Z7.o
Reserved67_IRQHandler                             src\_cmsis\startup_MKL28Z7.o
Reserved68_IRQHandler                             src\_cmsis\startup_MKL28Z7.o
Reserved69_IRQHandler                             src\_cmsis\startup_MKL28Z7.o
Reserved70_IRQHandler                             src\_cmsis\startup_MKL28Z7.o
Reserved71_IRQHandler                             src\_cmsis\startup_MKL28Z7.o
Reserved72_IRQHandler                             src\_cmsis\startup_MKL28Z7.o
Reserved73_IRQHandler                             src\_cmsis\startup_MKL28Z7.o
Reserved74_IRQHandler                             src\_cmsis\startup_MKL28Z7.o
Reserved75_IRQHandler                             src\_cmsis\startup_MKL28Z7.o
Reserved76_IRQHandler                             src\_cmsis\startup_MKL28Z7.o
Reserved77_IRQHandler                             src\_cmsis\startup_MKL28Z7.o
Reserved78_IRQHandler                             src\_cmsis\startup_MKL28Z7.o
Reserved79_IRQHandler                             src\_cmsis\startup_MKL28Z7.o
Reset_Handler                                     src\_cmsis\startup_MKL28Z7.o
SCG_IRQHandler                                    src\_cmsis\startup_MKL28Z7.o
STACK_BOTTOM                                      src\_cmsis\startup_MKL28Z7.o
STACK_TOP                                         src\_cmsis\startup_MKL28Z7.o
SVCall_Handler                                    src\_cmsis\startup_MKL28Z7.o
SysTick_Handler                                   src\_cmsis\startup_MKL28Z7.o
SystemCoreClock                                   src\_cmsis\system_MKL28Z7.o
SystemCoreClockUpdate                             src\_cmsis\system_MKL28Z7.o
                                                  src\_cmsis\startup_MKL28Z7.o
SystemInit                                        src\_cmsis\system_MKL28Z7.o
                                                  src\_cmsis\startup_MKL28Z7.o
TPM0_IRQHandler                                   src\_cmsis\startup_MKL28Z7.o
TPM1_IRQHandler                                   src\_cmsis\startup_MKL28Z7.o
TPM2_IRQHandler                                   src\_cmsis\startup_MKL28Z7.o
TRNG_IRQHandler                                   src\_cmsis\startup_MKL28Z7.o
TSI0_IRQHandler                                   src\_cmsis\startup_MKL28Z7.o
USB0_IRQHandler                                   src\_cmsis\startup_MKL28Z7.o
WDOG0_IRQHandler                                  src\_cmsis\startup_MKL28Z7.o
clkout_set                                        src\_system\clkout.o
fcf                                               src\_system\fcf.o
main                                              src\main.o
                                                  src\_cmsis\startup_MKL28Z7.o
memcmp                                            src\_system\mem.o
memcpy                                            src\_system\mem.o
                                                  src\_cmsis\startup_MKL28Z7.o
memmove                                           src\_system\mem.o
memset                                            src\_system\mem.o
                                                  src\_cmsis\startup_MKL28Z7.o
tstmr_get_val                                     src\_system\tstmr.o
                                                  src\_system\wdog.o
wdog_set                                          src\_system\wdog.o
                                                  src\main.o
